../Core/Src/display.c:67:13:deselect_digit	8	static
../Core/Src/display.c:78:13:select_digit	16	static
../Core/Src/display.c:102:13:write_digit	32	static
../Core/Src/display.c:116:13:multiplexer_timer_callback	16	static
../Core/Src/display.c:144:13:update_timer_callback	16	static
../Core/Src/display.c:150:13:set_brightness	56	static
../Core/Src/display.c:162:6:display_start	8	static
../Core/Src/display.c:177:6:display_update	24	static
../Core/Src/display.c:202:6:display_increase_brightness	8	static
../Core/Src/display.c:212:6:display_decrease_brightness	8	static
../Core/Src/display.c:222:6:display_alarm_enabled	16	static
../Core/Src/display.c:228:7:display_alarm_time	16	static
