../Core/Src/main.c:83:5:_read	24	static
../Core/Src/main.c:95:5:_write	24	static
../Core/Src/main.c:110:5:main	16	static
../Core/Src/main.c:174:6:SystemClock_Config	112	static
../Core/Src/main.c:227:13:MX_RTC_Init	72	static
../Core/Src/main.c:309:13:MX_TIM2_Init	32	static
../Core/Src/main.c:354:13:MX_TIM3_Init	64	static
../Core/Src/main.c:417:13:MX_TIM6_Init	16	static
../Core/Src/main.c:455:13:MX_TIM7_Init	16	static
../Core/Src/main.c:493:13:MX_TIM15_Init	32	static
../Core/Src/main.c:539:13:MX_TIM17_Init	8	static
../Core/Src/main.c:571:13:MX_USART3_UART_Init	8	static
../Core/Src/main.c:606:13:MX_GPIO_Init	56	static
../Core/Src/main.c:690:6:Error_Handler	8	static,ignoring_inline_asm
