../Core/Src/stm32f0xx_it.c:75:6:NMI_Handler	8	static
../Core/Src/stm32f0xx_it.c:90:6:HardFault_Handler	8	static
../Core/Src/stm32f0xx_it.c:105:6:SVC_Handler	8	static
../Core/Src/stm32f0xx_it.c:118:6:PendSV_Handler	8	static
../Core/Src/stm32f0xx_it.c:131:6:SysTick_Handler	8	static
../Core/Src/stm32f0xx_it.c:152:6:RTC_IRQHandler	8	static
../Core/Src/stm32f0xx_it.c:166:6:EXTI0_1_IRQHandler	8	static
../Core/Src/stm32f0xx_it.c:181:6:EXTI2_3_IRQHandler	8	static
../Core/Src/stm32f0xx_it.c:196:6:EXTI4_15_IRQHandler	8	static
../Core/Src/stm32f0xx_it.c:210:6:TIM2_IRQHandler	8	static
../Core/Src/stm32f0xx_it.c:224:6:TIM3_IRQHandler	8	static
../Core/Src/stm32f0xx_it.c:238:6:TIM6_DAC_IRQHandler	8	static
../Core/Src/stm32f0xx_it.c:252:6:TIM7_IRQHandler	8	static
../Core/Src/stm32f0xx_it.c:266:6:TIM17_IRQHandler	8	static
../Core/Src/stm32f0xx_it.c:280:6:USB_IRQHandler	8	static
