Archive member included to satisfy reference by file (symbol)

/opt/st/stm32cubeide_1.12.0/plugins/com.st.stm32cube.ide.mcu.externaltools.gnu-tools-for-stm32.10.3-2021.10.linux64_1.0.200.202301161003/tools/bin/../lib/gcc/arm-none-eabi/10.3.1/../../../../arm-none-eabi/lib/thumb/v6-m/nofp/libc_nano.a(lib_a-errno.o)
                              ./Core/Src/syscalls.o (__errno)
/opt/st/stm32cubeide_1.12.0/plugins/com.st.stm32cube.ide.mcu.externaltools.gnu-tools-for-stm32.10.3-2021.10.linux64_1.0.200.202301161003/tools/bin/../lib/gcc/arm-none-eabi/10.3.1/../../../../arm-none-eabi/lib/thumb/v6-m/nofp/libc_nano.a(lib_a-exit.o)
                              /opt/st/stm32cubeide_1.12.0/plugins/com.st.stm32cube.ide.mcu.externaltools.gnu-tools-for-stm32.10.3-2021.10.linux64_1.0.200.202301161003/tools/bin/../lib/gcc/arm-none-eabi/10.3.1/../../../../arm-none-eabi/lib/thumb/v6-m/nofp/crt0.o (exit)
/opt/st/stm32cubeide_1.12.0/plugins/com.st.stm32cube.ide.mcu.externaltools.gnu-tools-for-stm32.10.3-2021.10.linux64_1.0.200.202301161003/tools/bin/../lib/gcc/arm-none-eabi/10.3.1/../../../../arm-none-eabi/lib/thumb/v6-m/nofp/libc_nano.a(lib_a-fprintf.o)
                              ./Core/Src/console.o (fprintf)
/opt/st/stm32cubeide_1.12.0/plugins/com.st.stm32cube.ide.mcu.externaltools.gnu-tools-for-stm32.10.3-2021.10.linux64_1.0.200.202301161003/tools/bin/../lib/gcc/arm-none-eabi/10.3.1/../../../../arm-none-eabi/lib/thumb/v6-m/nofp/libc_nano.a(lib_a-getchar.o)
                              ./Core/Src/console.o (getchar)
/opt/st/stm32cubeide_1.12.0/plugins/com.st.stm32cube.ide.mcu.externaltools.gnu-tools-for-stm32.10.3-2021.10.linux64_1.0.200.202301161003/tools/bin/../lib/gcc/arm-none-eabi/10.3.1/../../../../arm-none-eabi/lib/thumb/v6-m/nofp/libc_nano.a(lib_a-impure.o)
                              /opt/st/stm32cubeide_1.12.0/plugins/com.st.stm32cube.ide.mcu.externaltools.gnu-tools-for-stm32.10.3-2021.10.linux64_1.0.200.202301161003/tools/bin/../lib/gcc/arm-none-eabi/10.3.1/../../../../arm-none-eabi/lib/thumb/v6-m/nofp/libc_nano.a(lib_a-exit.o) (_global_impure_ptr)
/opt/st/stm32cubeide_1.12.0/plugins/com.st.stm32cube.ide.mcu.externaltools.gnu-tools-for-stm32.10.3-2021.10.linux64_1.0.200.202301161003/tools/bin/../lib/gcc/arm-none-eabi/10.3.1/../../../../arm-none-eabi/lib/thumb/v6-m/nofp/libc_nano.a(lib_a-init.o)
                              /opt/st/stm32cubeide_1.12.0/plugins/com.st.stm32cube.ide.mcu.externaltools.gnu-tools-for-stm32.10.3-2021.10.linux64_1.0.200.202301161003/tools/bin/../lib/gcc/arm-none-eabi/10.3.1/../../../../arm-none-eabi/lib/thumb/v6-m/nofp/crt0.o (__libc_init_array)
/opt/st/stm32cubeide_1.12.0/plugins/com.st.stm32cube.ide.mcu.externaltools.gnu-tools-for-stm32.10.3-2021.10.linux64_1.0.200.202301161003/tools/bin/../lib/gcc/arm-none-eabi/10.3.1/../../../../arm-none-eabi/lib/thumb/v6-m/nofp/libc_nano.a(lib_a-memset.o)
                              /opt/st/stm32cubeide_1.12.0/plugins/com.st.stm32cube.ide.mcu.externaltools.gnu-tools-for-stm32.10.3-2021.10.linux64_1.0.200.202301161003/tools/bin/../lib/gcc/arm-none-eabi/10.3.1/../../../../arm-none-eabi/lib/thumb/v6-m/nofp/crt0.o (memset)
/opt/st/stm32cubeide_1.12.0/plugins/com.st.stm32cube.ide.mcu.externaltools.gnu-tools-for-stm32.10.3-2021.10.linux64_1.0.200.202301161003/tools/bin/../lib/gcc/arm-none-eabi/10.3.1/../../../../arm-none-eabi/lib/thumb/v6-m/nofp/libc_nano.a(lib_a-nano-vfprintf.o)
                              /opt/st/stm32cubeide_1.12.0/plugins/com.st.stm32cube.ide.mcu.externaltools.gnu-tools-for-stm32.10.3-2021.10.linux64_1.0.200.202301161003/tools/bin/../lib/gcc/arm-none-eabi/10.3.1/../../../../arm-none-eabi/lib/thumb/v6-m/nofp/libc_nano.a(lib_a-fprintf.o) (_vfprintf_r)
/opt/st/stm32cubeide_1.12.0/plugins/com.st.stm32cube.ide.mcu.externaltools.gnu-tools-for-stm32.10.3-2021.10.linux64_1.0.200.202301161003/tools/bin/../lib/gcc/arm-none-eabi/10.3.1/../../../../arm-none-eabi/lib/thumb/v6-m/nofp/libc_nano.a(lib_a-nano-vfprintf_i.o)
                              /opt/st/stm32cubeide_1.12.0/plugins/com.st.stm32cube.ide.mcu.externaltools.gnu-tools-for-stm32.10.3-2021.10.linux64_1.0.200.202301161003/tools/bin/../lib/gcc/arm-none-eabi/10.3.1/../../../../arm-none-eabi/lib/thumb/v6-m/nofp/libc_nano.a(lib_a-nano-vfprintf.o) (_printf_i)
/opt/st/stm32cubeide_1.12.0/plugins/com.st.stm32cube.ide.mcu.externaltools.gnu-tools-for-stm32.10.3-2021.10.linux64_1.0.200.202301161003/tools/bin/../lib/gcc/arm-none-eabi/10.3.1/../../../../arm-none-eabi/lib/thumb/v6-m/nofp/libc_nano.a(lib_a-printf.o)
                              ./Core/Src/console.o (printf)
/opt/st/stm32cubeide_1.12.0/plugins/com.st.stm32cube.ide.mcu.externaltools.gnu-tools-for-stm32.10.3-2021.10.linux64_1.0.200.202301161003/tools/bin/../lib/gcc/arm-none-eabi/10.3.1/../../../../arm-none-eabi/lib/thumb/v6-m/nofp/libc_nano.a(lib_a-putchar.o)
                              ./Core/Src/console.o (putchar)
[...]
Memory Configuration

Name             Origin             Length             Attributes
RAM              0x0000000020000000 0x0000000000004000 xrw
FLASH            0x0000000008000000 0x0000000000020000 xr
*default*        0x0000000000000000 0xffffffffffffffff

Linker script and memory map

LOAD /opt/st/stm32cubeide_1.12.0/plugins/com.st.stm32cube.ide.mcu.externaltools.gnu-tools-for-stm32.10.3-2021.10.linux64_1.0.200.202301161003/tools/bin/../lib/gcc/arm-none-eabi/10.3.1/thumb/v6-m/nofp/crti.o
LOAD /opt/st/stm32cubeide_1.12.0/plugins/com.st.stm32cube.ide.mcu.externaltools.gnu-tools-for-stm32.10.3-2021.10.linux64_1.0.200.202301161003/tools/bin/../lib/gcc/arm-none-eabi/10.3.1/thumb/v6-m/nofp/crtbegin.o
LOAD /opt/st/stm32cubeide_1.12.0/plugins/com.st.stm32cube.ide.mcu.externaltools.gnu-tools-for-stm32.10.3-2021.10.linux64_1.0.200.202301161003/tools/bin/../lib/gcc/arm-none-eabi/10.3.1/../../../../arm-none-eabi/lib/thumb/v6-m/nofp/crt0.o
LOAD ./Core/Src/buzzer.o
LOAD ./Core/Src/console.o
LOAD ./Core/Src/display.o
LOAD ./Core/Src/main.o
LOAD ./Core/Src/main_task.o
LOAD ./Core/Src/stm32f0xx_hal_msp.o
LOAD ./Core/Src/stm32f0xx_it.o
LOAD ./Core/Src/switch.o
LOAD ./Core/Src/syscalls.o
LOAD ./Core/Src/sysmem.o
LOAD ./Core/Src/system_stm32f0xx.o
LOAD ./Core/Src/time.o
LOAD ./Core/Startup/startup_stm32f072cbtx.o
LOAD ./Drivers/STM32F0xx_HAL_Driver/Src/stm32f0xx_hal.o
LOAD ./Drivers/STM32F0xx_HAL_Driver/Src/stm32f0xx_hal_cortex.o
LOAD ./Drivers/STM32F0xx_HAL_Driver/Src/stm32f0xx_hal_dma.o
LOAD ./Drivers/STM32F0xx_HAL_Driver/Src/stm32f0xx_hal_exti.o
LOAD ./Drivers/STM32F0xx_HAL_Driver/Src/stm32f0xx_hal_flash.o
LOAD ./Drivers/STM32F0xx_HAL_Driver/Src/stm32f0xx_hal_flash_ex.o
LOAD ./Drivers/STM32F0xx_HAL_Driver/Src/stm32f0xx_hal_gpio.o
LOAD ./Drivers/STM32F0xx_HAL_Driver/Src/stm32f0xx_hal_i2c.o
LOAD ./Drivers/STM32F0xx_HAL_Driver/Src/stm32f0xx_hal_i2c_ex.o
LOAD ./Drivers/STM32F0xx_HAL_Driver/Src/stm32f0xx_hal_pcd.o
LOAD ./Drivers/STM32F0xx_HAL_Driver/Src/stm32f0xx_hal_pcd_ex.o
LOAD ./Drivers/STM32F0xx_HAL_Driver/Src/stm32f0xx_hal_pwr.o
LOAD ./Drivers/STM32F0xx_HAL_Driver/Src/stm32f0xx_hal_pwr_ex.o
LOAD ./Drivers/STM32F0xx_HAL_Driver/Src/stm32f0xx_hal_rcc.o
LOAD ./Drivers/STM32F0xx_HAL_Driver/Src/stm32f0xx_hal_rcc_ex.o
LOAD ./Drivers/STM32F0xx_HAL_Driver/Src/stm32f0xx_hal_rtc.o
LOAD ./Drivers/STM32F0xx_HAL_Driver/Src/stm32f0xx_hal_rtc_ex.o
LOAD ./Drivers/STM32F0xx_HAL_Driver/Src/stm32f0xx_hal_tim.o
LOAD ./Drivers/STM32F0xx_HAL_Driver/Src/stm32f0xx_hal_tim_ex.o
LOAD ./Drivers/STM32F0xx_HAL_Driver/Src/stm32f0xx_hal_uart.o
LOAD ./Drivers/STM32F0xx_HAL_Driver/Src/stm32f0xx_hal_uart_ex.o
LOAD ./Drivers/STM32F0xx_HAL_Driver/Src/stm32f0xx_ll_usb.o
LOAD ./Middlewares/ST/STM32_USB_Device_Library/Class/CDC/Src/usbd_cdc.o
LOAD ./Middlewares/ST/STM32_USB_Device_Library/Core/Src/usbd_core.o
LOAD ./Middlewares/ST/STM32_USB_Device_Library/Core/Src/usbd_ctlreq.o
LOAD ./Middlewares/ST/STM32_USB_Device_Library/Core/Src/usbd_ioreq.o
LOAD ./USB_DEVICE/App/usb_device.o
LOAD ./USB_DEVICE/App/usbd_cdc_if.o
LOAD ./USB_DEVICE/App/usbd_desc.o
LOAD ./USB_DEVICE/Target/usbd_conf.o
START GROUP
LOAD /opt/st/stm32cubeide_1.12.0/plugins/com.st.stm32cube.ide.mcu.externaltools.gnu-tools-for-stm32.10.3-2021.10.linux64_1.0.200.202301161003/tools/bin/../lib/gcc/arm-none-eabi/10.3.1/../../../../arm-none-eabi/lib/thumb/v6-m/nofp/libc_nano.a
LOAD /opt/st/stm32cubeide_1.12.0/plugins/com.st.stm32cube.ide.mcu.externaltools.gnu-tools-for-stm32.10.3-2021.10.linux64_1.0.200.202301161003/tools/bin/../lib/gcc/arm-none-eabi/10.3.1/../../../../arm-none-eabi/lib/thumb/v6-m/nofp/libm.a
END GROUP
START GROUP
LOAD /opt/st/stm32cubeide_1.12.0/plugins/com.st.stm32cube.ide.mcu.externaltools.gnu-tools-for-stm32.10.3-2021.10.linux64_1.0.200.202301161003/tools/bin/../lib/gcc/arm-none-eabi/10.3.1/thumb/v6-m/nofp/libgcc.a
LOAD /opt/st/stm32cubeide_1.12.0/plugins/com.st.stm32cube.ide.mcu.externaltools.gnu-tools-for-stm32.10.3-2021.10.linux64_1.0.200.202301161003/tools/bin/../lib/gcc/arm-none-eabi/10.3.1/../../../../arm-none-eabi/lib/thumb/v6-m/nofp/libc_nano.a
END GROUP
START GROUP
LOAD /opt/st/stm32cubeide_1.12.0/plugins/com.st.stm32cube.ide.mcu.externaltools.gnu-tools-for-stm32.10.3-2021.10.linux64_1.0.200.202301161003/tools/bin/../lib/gcc/arm-none-eabi/10.3.1/thumb/v6-m/nofp/libgcc.a
LOAD /opt/st/stm32cubeide_1.12.0/plugins/com.st.stm32cube.ide.mcu.externaltools.gnu-tools-for-stm32.10.3-2021.10.linux64_1.0.200.202301161003/tools/bin/../lib/gcc/arm-none-eabi/10.3.1/../../../../arm-none-eabi/lib/thumb/v6-m/nofp/libc_nano.a
LOAD /opt/st/stm32cubeide_1.12.0/plugins/com.st.stm32cube.ide.mcu.externaltools.gnu-tools-for-stm32.10.3-2021.10.linux64_1.0.200.202301161003/tools/bin/../lib/gcc/arm-none-eabi/10.3.1/../../../../arm-none-eabi/lib/thumb/v6-m/nofp/libnosys.a
END GROUP
START GROUP
LOAD /opt/st/stm32cubeide_1.12.0/plugins/com.st.stm32cube.ide.mcu.externaltools.gnu-tools-for-stm32.10.3-2021.10.linux64_1.0.200.202301161003/tools/bin/../lib/gcc/arm-none-eabi/10.3.1/thumb/v6-m/nofp/libgcc.a
LOAD /opt/st/stm32cubeide_1.12.0/plugins/com.st.stm32cube.ide.mcu.externaltools.gnu-tools-for-stm32.10.3-2021.10.linux64_1.0.200.202301161003/tools/bin/../lib/gcc/arm-none-eabi/10.3.1/../../../../arm-none-eabi/lib/thumb/v6-m/nofp/libc_nano.a
LOAD /opt/st/stm32cubeide_1.12.0/plugins/com.st.stm32cube.ide.mcu.externaltools.gnu-tools-for-stm32.10.3-2021.10.linux64_1.0.200.202301161003/tools/bin/../lib/gcc/arm-none-eabi/10.3.1/../../../../arm-none-eabi/lib/thumb/v6-m/nofp/libnosys.a
END GROUP
LOAD /opt/st/stm32cubeide_1.12.0/plugins/com.st.stm32cube.ide.mcu.externaltools.gnu-tools-for-stm32.10.3-2021.10.linux64_1.0.200.202301161003/tools/bin/../lib/gcc/arm-none-eabi/10.3.1/thumb/v6-m/nofp/crtend.o
LOAD /opt/st/stm32cubeide_1.12.0/plugins/com.st.stm32cube.ide.mcu.externaltools.gnu-tools-for-stm32.10.3-2021.10.linux64_1.0.200.202301161003/tools/bin/../lib/gcc/arm-none-eabi/10.3.1/thumb/v6-m/nofp/crtn.o
                0x0000000020004000                _estack = (ORIGIN (RAM) + LENGTH (RAM))
                0x0000000000000600                _Min_Heap_Size = 0x600
                0x0000000000000400                _Min_Stack_Size = 0x400

.isr_vector     0x0000000008000000       0xc0
                0x0000000008000000                . = ALIGN (0x4)
 *(.isr_vector)
 .isr_vector    0x0000000008000000       0xc0 ./Core/Startup/startup_stm32f072cbtx.o
                0x0000000008000000                g_pfnVectors
                0x00000000080000c0                . = ALIGN (0x4)

.text           0x00000000080000c0     0xe8b4
                0x00000000080000c0                . = ALIGN (0x4)
 *(.text)
 .text          0x00000000080000c0       0x48 /opt/st/stm32cubeide_1.12.0/plugins/com.st.stm32cube.ide.mcu.externaltools.gnu-tools-for-stm32.10.3-2021.10.linux64_1.0.200.202301161003/tools/bin/../lib/gcc/arm-none-eabi/10.3.1/thumb/v6-m/nofp/crtbegin.o
 .text          0x0000000008000108       0x14 /opt/st/stm32cubeide_1.12.0/plugins/com.st.stm32cube.ide.mcu.externaltools.gnu-tools-for-stm32.10.3-2021.10.linux64_1.0.200.202301161003/tools/bin/../lib/gcc/arm-none-eabi/10.3.1/../../../../arm-none-eabi/lib/thumb/v6-m/nofp/libc_nano.a(lib_a-strcmp.o)
                0x0000000008000108                strcmp
 .text          0x000000000800011c        0xe /opt/st/stm32cubeide_1.12.0/plugins/com.st.stm32cube.ide.mcu.externaltools.gnu-tools-for-stm32.10.3-2021.10.linux64_1.0.200.202301161003/tools/bin/../lib/gcc/arm-none-eabi/10.3.1/../../../../arm-none-eabi/lib/thumb/v6-m/nofp/libc_nano.a(lib_a-strlen.o)
                0x000000000800011c                strlen
 *fill*         0x000000000800012a        0x2 
 .text          0x000000000800012c       0x14 /opt/st/stm32cubeide_1.12.0/plugins/com.st.stm32cube.ide.mcu.externaltools.gnu-tools-for-stm32.10.3-2021.10.linux64_1.0.200.202301161003/tools/bin/../lib/gcc/arm-none-eabi/10.3.1/thumb/v6-m/nofp/libgcc.a(_thumb1_case_shi.o)
                0x000000000800012c                __gnu_thumb1_case_shi
 .text          0x0000000008000140      0x114 /opt/st/stm32cubeide_1.12.0/plugins/com.st.stm32cube.ide.mcu.externaltools.gnu-tools-for-stm32.10.3-2021.10.linux64_1.0.200.202301161003/tools/bin/../lib/gcc/arm-none-eabi/10.3.1/thumb/v6-m/nofp/libgcc.a(_udivsi3.o)
                0x0000000008000140                __udivsi3
                0x0000000008000140                __aeabi_uidiv
                0x000000000800024c                __aeabi_uidivmod
 .text          0x0000000008000254        0x4 /opt/st/stm32cubeide_1.12.0/plugins/com.st.stm32cube.ide.mcu.externaltools.gnu-tools-for-stm32.10.3-2021.10.linux64_1.0.200.202301161003/tools/bin/../lib/gcc/arm-none-eabi/10.3.1/thumb/v6-m/nofp/libgcc.a(_dvmd_tls.o)
                0x0000000008000254                __aeabi_ldiv0
                0x0000000008000254                __aeabi_idiv0
 *(.text*)
 .text.buzzer_timer_callback
                0x0000000008000258       0x80 ./Core/Src/buzzer.o
 .text.buzzer_start
                0x00000000080002d8       0x64 ./Core/Src/buzzer.o
                0x00000000080002d8                buzzer_start
 .text.buzzer_stop
                0x000000000800033c       0x28 ./Core/Src/buzzer.o
                0x000000000800033c                buzzer_stop
 .text.console_help_command
                0x0000000008000364       0x58 ./Core/Src/console.o
 .text.console_test_command
                0x00000000080003bc       0x34 ./Core/Src/console.o
 .text.console_time_command
                0x00000000080003f0       0xfc ./Core/Src/console.o
 .text.console_alarm_command
                0x00000000080004ec      0x15c ./Core/Src/console.o
 .text.put_history
                0x0000000008000648       0x58 ./Core/Src/console.o
 .text.get_history
                0x00000000080006a0       0x90 ./Core/Src/console.o
 .text.console_history_command
                0x0000000008000730       0x58 ./Core/Src/console.o
 .text.console_arg_is
                0x0000000008000788       0x4e ./Core/Src/console.o
 .text.console_get_parameter
                0x00000000080007d6       0xce ./Core/Src/console.o
 .text.process_command
                0x00000000080008a4       0x80 ./Core/Src/console.o
 .text.console_process_key
                0x0000000008000924      0x184 ./Core/Src/console.o
                0x0000000008000924                console_process_key
 .text.deselect_digit
                0x0000000008000aa8       0x6c ./Core/Src/display.o
 .text.select_digit
                0x0000000008000b14       0xc0 ./Core/Src/display.o
 .text.write_digit
                0x0000000008000bd4       0xd8 ./Core/Src/display.o
 .text.multiplexer_timer_callback
                0x0000000008000cac       0x84 ./Core/Src/display.o
 .text.update_timer_callback
                0x0000000008000d30       0x14 ./Core/Src/display.o
 .text.set_brightness
                0x0000000008000d44       0x50 ./Core/Src/display.o
 .text.display_start
                0x0000000008000d94       0x5c ./Core/Src/display.o
                0x0000000008000d94                display_start
 .text.display_update
                0x0000000008000df0       0xb4 ./Core/Src/display.o
                0x0000000008000df0                display_update
 .text.display_increase_brightness
                0x0000000008000ea4       0x34 ./Core/Src/display.o
                0x0000000008000ea4                display_increase_brightness
 .text.display_decrease_brightness
                0x0000000008000ed8       0x30 ./Core/Src/display.o
                0x0000000008000ed8                display_decrease_brightness
 .text.display_alarm_enabled
                0x0000000008000f08       0x20 ./Core/Src/display.o
                0x0000000008000f08                display_alarm_enabled
 .text.display_alarm_time
                0x0000000008000f28       0x20 ./Core/Src/display.o
                0x0000000008000f28                display_alarm_time
 .text._read    0x0000000008000f48       0x32 ./Core/Src/main.o
                0x0000000008000f48                _read
 .text._write   0x0000000008000f7a       0x2c ./Core/Src/main.o
                0x0000000008000f7a                _write
 *fill*         0x0000000008000fa6        0x2 
 .text.main     0x0000000008000fa8       0x94 ./Core/Src/main.o
                0x0000000008000fa8                main
 .text.SystemClock_Config
                0x000000000800103c       0xe4 ./Core/Src/main.o
                0x000000000800103c                SystemClock_Config
 .text.MX_RTC_Init
                0x0000000008001120       0x74 ./Core/Src/main.o
 .text.MX_TIM2_Init
                0x0000000008001194       0xa8 ./Core/Src/main.o
 .text.MX_TIM3_Init
                0x000000000800123c      0x114 ./Core/Src/main.o
 .text.MX_TIM6_Init
                0x0000000008001350       0x78 ./Core/Src/main.o
 .text.MX_TIM7_Init
                0x00000000080013c8       0x78 ./Core/Src/main.o
 .text.MX_TIM15_Init
                0x0000000008001440       0xb0 ./Core/Src/main.o
 .text.MX_TIM17_Init
                0x00000000080014f0       0x50 ./Core/Src/main.o
 .text.MX_USART3_UART_Init
                0x0000000008001540       0x60 ./Core/Src/main.o
 .text.MX_GPIO_Init
                0x00000000080015a0      0x1c8 ./Core/Src/main.o
 .text.Error_Handler
                0x0000000008001768       0x2c ./Core/Src/main.o
                0x0000000008001768                Error_Handler
 .text.main_task
                0x0000000008001794       0x28 ./Core/Src/main_task.o
                0x0000000008001794                main_task
 .text.HAL_MspInit
                0x00000000080017bc       0x48 ./Core/Src/stm32f0xx_hal_msp.o
                0x00000000080017bc                HAL_MspInit
 .text.HAL_RTC_MspInit
                0x0000000008001804       0x40 ./Core/Src/stm32f0xx_hal_msp.o
                0x0000000008001804                HAL_RTC_MspInit
 .text.HAL_RTC_MspDeInit
                0x0000000008001844       0x38 ./Core/Src/stm32f0xx_hal_msp.o
                0x0000000008001844                HAL_RTC_MspDeInit
 .text.HAL_TIM_Base_MspInit
                0x000000000800187c      0x158 ./Core/Src/stm32f0xx_hal_msp.o
                0x000000000800187c                HAL_TIM_Base_MspInit
 .text.HAL_UART_MspInit
                0x00000000080019d4       0x9c ./Core/Src/stm32f0xx_hal_msp.o
                0x00000000080019d4                HAL_UART_MspInit
 .text.NMI_Handler
                0x0000000008001a70        0x6 ./Core/Src/stm32f0xx_it.o
                0x0000000008001a70                NMI_Handler
 .text.HardFault_Handler
                0x0000000008001a76        0x6 ./Core/Src/stm32f0xx_it.o
                0x0000000008001a76                HardFault_Handler
 .text.SVC_Handler
                0x0000000008001a7c        0xa ./Core/Src/stm32f0xx_it.o
                0x0000000008001a7c                SVC_Handler
 .text.PendSV_Handler
                0x0000000008001a86        0xa ./Core/Src/stm32f0xx_it.o
                0x0000000008001a86                PendSV_Handler
 .text.SysTick_Handler
                0x0000000008001a90        0xe ./Core/Src/stm32f0xx_it.o
                0x0000000008001a90                SysTick_Handler
 *fill*         0x0000000008001a9e        0x2 
 .text.RTC_IRQHandler
                0x0000000008001aa0       0x18 ./Core/Src/stm32f0xx_it.o
                0x0000000008001aa0                RTC_IRQHandler
 .text.EXTI0_1_IRQHandler
                0x0000000008001ab8       0x16 ./Core/Src/stm32f0xx_it.o
                0x0000000008001ab8                EXTI0_1_IRQHandler
 .text.EXTI2_3_IRQHandler
                0x0000000008001ace       0x16 ./Core/Src/stm32f0xx_it.o
                0x0000000008001ace                EXTI2_3_IRQHandler
 .text.EXTI4_15_IRQHandler
                0x0000000008001ae4       0x14 ./Core/Src/stm32f0xx_it.o
                0x0000000008001ae4                EXTI4_15_IRQHandler
 .text.TIM2_IRQHandler
                0x0000000008001af8       0x18 ./Core/Src/stm32f0xx_it.o
                0x0000000008001af8                TIM2_IRQHandler
 .text.TIM3_IRQHandler
                0x0000000008001b10       0x18 ./Core/Src/stm32f0xx_it.o
                0x0000000008001b10                TIM3_IRQHandler
 .text.TIM6_DAC_IRQHandler
                0x0000000008001b28       0x18 ./Core/Src/stm32f0xx_it.o
                0x0000000008001b28                TIM6_DAC_IRQHandler
 .text.TIM7_IRQHandler
                0x0000000008001b40       0x18 ./Core/Src/stm32f0xx_it.o
                0x0000000008001b40                TIM7_IRQHandler
 .text.TIM17_IRQHandler
                0x0000000008001b58       0x18 ./Core/Src/stm32f0xx_it.o
                0x0000000008001b58                TIM17_IRQHandler
 .text.USB_IRQHandler
                0x0000000008001b70       0x18 ./Core/Src/stm32f0xx_it.o
                0x0000000008001b70                USB_IRQHandler
 .text.repeat_callback
                0x0000000008001b88      0x168 ./Core/Src/switch.o
 .text.switch_callback
                0x0000000008001cf0      0x248 ./Core/Src/switch.o
 .text.HAL_GPIO_EXTI_Callback
                0x0000000008001f38      0x154 ./Core/Src/switch.o
                0x0000000008001f38                HAL_GPIO_EXTI_Callback
 .text._close   0x000000000800208c       0x14 ./Core/Src/syscalls.o
                0x000000000800208c                _close
 .text._fstat   0x00000000080020a0       0x1c ./Core/Src/syscalls.o
                0x00000000080020a0                _fstat
 .text._isatty  0x00000000080020bc       0x12 ./Core/Src/syscalls.o
                0x00000000080020bc                _isatty
 .text._lseek   0x00000000080020ce       0x16 ./Core/Src/syscalls.o
                0x00000000080020ce                _lseek
 .text._sbrk    0x00000000080020e4       0x6c ./Core/Src/sysmem.o
                0x00000000080020e4                _sbrk
 .text.SystemInit
                0x0000000008002150        0xa ./Core/Src/system_stm32f0xx.o
                0x0000000008002150                SystemInit
 *fill*         0x000000000800215a        0x2 
 .text.set_time
                0x000000000800215c       0x60 ./Core/Src/time.o
                0x000000000800215c                set_time
 .text.get_time
                0x00000000080021bc       0x58 ./Core/Src/time.o
                0x00000000080021bc                get_time
 .text.increment_time
                0x0000000008002214       0xac ./Core/Src/time.o
                0x0000000008002214                increment_time
 .text.decrement_time
                0x00000000080022c0       0xac ./Core/Src/time.o
                0x00000000080022c0                decrement_time
 .text.alarm_event_callback
                0x000000000800236c       0x20 ./Core/Src/time.o
                0x000000000800236c                alarm_event_callback
 .text.set_alarm
                0x000000000800238c       0x8c ./Core/Src/time.o
                0x000000000800238c                set_alarm
 .text.get_alarm
                0x0000000008002418       0x44 ./Core/Src/time.o
                0x0000000008002418                get_alarm
 .text.enable_alarm
                0x000000000800245c       0x6c ./Core/Src/time.o
                0x000000000800245c                enable_alarm
 .text.increment_alarm
                0x00000000080024c8       0x90 ./Core/Src/time.o
                0x00000000080024c8                increment_alarm
 .text.decrement_alarm
                0x0000000008002558       0x90 ./Core/Src/time.o
                0x0000000008002558                decrement_alarm
 .text.Reset_Handler
                0x00000000080025e8       0x50 ./Core/Startup/startup_stm32f072cbtx.o
                0x00000000080025e8                Reset_Handler
 .text.Default_Handler
                0x0000000008002638        0x2 ./Core/Startup/startup_stm32f072cbtx.o
                0x0000000008002638                TIM1_CC_IRQHandler
                0x0000000008002638                TSC_IRQHandler
                0x0000000008002638                ADC1_COMP_IRQHandler
                0x0000000008002638                I2C1_IRQHandler
                0x0000000008002638                RCC_CRS_IRQHandler
                0x0000000008002638                SPI1_IRQHandler
                0x0000000008002638                USART3_4_IRQHandler
                0x0000000008002638                I2C2_IRQHandler
                0x0000000008002638                CEC_CAN_IRQHandler
                0x0000000008002638                PVD_VDDIO2_IRQHandler
                0x0000000008002638                DMA1_Channel4_5_6_7_IRQHandler
                0x0000000008002638                TIM16_IRQHandler
                0x0000000008002638                DMA1_Channel1_IRQHandler
                0x0000000008002638                Default_Handler
                0x0000000008002638                TIM14_IRQHandler
                0x0000000008002638                TIM15_IRQHandler
                0x0000000008002638                SPI2_IRQHandler
                0x0000000008002638                WWDG_IRQHandler
                0x0000000008002638                DMA1_Channel2_3_IRQHandler
                0x0000000008002638                USART2_IRQHandler
                0x0000000008002638                FLASH_IRQHandler
                0x0000000008002638                USART1_IRQHandler
                0x0000000008002638                TIM1_BRK_UP_TRG_COM_IRQHandler
 *fill*         0x000000000800263a        0x2 
 .text.HAL_Init
                0x000000000800263c       0x28 ./Drivers/STM32F0xx_HAL_Driver/Src/stm32f0xx_hal.o
                0x000000000800263c                HAL_Init
 .text.HAL_InitTick
                0x0000000008002664       0x68 ./Drivers/STM32F0xx_HAL_Driver/Src/stm32f0xx_hal.o
                0x0000000008002664                HAL_InitTick
 .text.HAL_IncTick
                0x00000000080026cc       0x24 ./Drivers/STM32F0xx_HAL_Driver/Src/stm32f0xx_hal.o
                0x00000000080026cc                HAL_IncTick
 .text.HAL_GetTick
                0x00000000080026f0       0x14 ./Drivers/STM32F0xx_HAL_Driver/Src/stm32f0xx_hal.o
                0x00000000080026f0                HAL_GetTick
 .text.HAL_Delay
                0x0000000008002704       0x48 ./Drivers/STM32F0xx_HAL_Driver/Src/stm32f0xx_hal.o
                0x0000000008002704                HAL_Delay
 .text.__NVIC_EnableIRQ
                0x000000000800274c       0x34 ./Drivers/STM32F0xx_HAL_Driver/Src/stm32f0xx_hal_cortex.o
 .text.__NVIC_DisableIRQ
                0x0000000008002780       0x44 ./Drivers/STM32F0xx_HAL_Driver/Src/stm32f0xx_hal_cortex.o
 .text.__NVIC_SetPriority
                0x00000000080027c4       0xdc ./Drivers/STM32F0xx_HAL_Driver/Src/stm32f0xx_hal_cortex.o
 .text.SysTick_Config
                0x00000000080028a0       0x48 ./Drivers/STM32F0xx_HAL_Driver/Src/stm32f0xx_hal_cortex.o
 .text.HAL_NVIC_SetPriority
                0x00000000080028e8       0x2a ./Drivers/STM32F0xx_HAL_Driver/Src/stm32f0xx_hal_cortex.o
                0x00000000080028e8                HAL_NVIC_SetPriority
 .text.HAL_NVIC_EnableIRQ
                0x0000000008002912       0x20 ./Drivers/STM32F0xx_HAL_Driver/Src/stm32f0xx_hal_cortex.o
                0x0000000008002912                HAL_NVIC_EnableIRQ
 .text.HAL_NVIC_DisableIRQ
                0x0000000008002932       0x20 ./Drivers/STM32F0xx_HAL_Driver/Src/stm32f0xx_hal_cortex.o
                0x0000000008002932                HAL_NVIC_DisableIRQ
 .text.HAL_SYSTICK_Config
                0x0000000008002952       0x1a ./Drivers/STM32F0xx_HAL_Driver/Src/stm32f0xx_hal_cortex.o
                0x0000000008002952                HAL_SYSTICK_Config
 .text.HAL_GPIO_Init
                0x000000000800296c      0x2f0 ./Drivers/STM32F0xx_HAL_Driver/Src/stm32f0xx_hal_gpio.o
                0x000000000800296c                HAL_GPIO_Init
 .text.HAL_GPIO_ReadPin
                0x0000000008002c5c       0x3a ./Drivers/STM32F0xx_HAL_Driver/Src/stm32f0xx_hal_gpio.o
                0x0000000008002c5c                HAL_GPIO_ReadPin
 .text.HAL_GPIO_WritePin
                0x0000000008002c96       0x3a ./Drivers/STM32F0xx_HAL_Driver/Src/stm32f0xx_hal_gpio.o
                0x0000000008002c96                HAL_GPIO_WritePin
 .text.HAL_GPIO_TogglePin
                0x0000000008002cd0       0x36 ./Drivers/STM32F0xx_HAL_Driver/Src/stm32f0xx_hal_gpio.o
                0x0000000008002cd0                HAL_GPIO_TogglePin
 *fill*         0x0000000008002d06        0x2 
 .text.HAL_GPIO_EXTI_IRQHandler
                0x0000000008002d08       0x38 ./Drivers/STM32F0xx_HAL_Driver/Src/stm32f0xx_hal_gpio.o
                0x0000000008002d08                HAL_GPIO_EXTI_IRQHandler
 .text.HAL_PCD_Init
                0x0000000008002d40      0x200 ./Drivers/STM32F0xx_HAL_Driver/Src/stm32f0xx_hal_pcd.o
                0x0000000008002d40                HAL_PCD_Init
 .text.HAL_PCD_Start
                0x0000000008002f40       0x4a ./Drivers/STM32F0xx_HAL_Driver/Src/stm32f0xx_hal_pcd.o
                0x0000000008002f40                HAL_PCD_Start
 *fill*         0x0000000008002f8a        0x2 
 .text.HAL_PCD_IRQHandler
                0x0000000008002f8c      0x288 ./Drivers/STM32F0xx_HAL_Driver/Src/stm32f0xx_hal_pcd.o
                0x0000000008002f8c                HAL_PCD_IRQHandler
 .text.HAL_PCD_SetAddress
                0x0000000008003214       0x56 ./Drivers/STM32F0xx_HAL_Driver/Src/stm32f0xx_hal_pcd.o
                0x0000000008003214                HAL_PCD_SetAddress
 .text.HAL_PCD_EP_Open
                0x000000000800326a       0xde ./Drivers/STM32F0xx_HAL_Driver/Src/stm32f0xx_hal_pcd.o
                0x000000000800326a                HAL_PCD_EP_Open
 .text.HAL_PCD_EP_Close
                0x0000000008003348       0xa2 ./Drivers/STM32F0xx_HAL_Driver/Src/stm32f0xx_hal_pcd.o
                0x0000000008003348                HAL_PCD_EP_Close
 .text.HAL_PCD_EP_Receive
                0x00000000080033ea       0x6e ./Drivers/STM32F0xx_HAL_Driver/Src/stm32f0xx_hal_pcd.o
                0x00000000080033ea                HAL_PCD_EP_Receive
 .text.HAL_PCD_EP_GetRxCount
                0x0000000008003458       0x32 ./Drivers/STM32F0xx_HAL_Driver/Src/stm32f0xx_hal_pcd.o
                0x0000000008003458                HAL_PCD_EP_GetRxCount
 .text.HAL_PCD_EP_Transmit
                0x000000000800348a       0x78 ./Drivers/STM32F0xx_HAL_Driver/Src/stm32f0xx_hal_pcd.o
                0x000000000800348a                HAL_PCD_EP_Transmit
 .text.HAL_PCD_EP_SetStall
                0x0000000008003502       0xb8 ./Drivers/STM32F0xx_HAL_Driver/Src/stm32f0xx_hal_pcd.o
                0x0000000008003502                HAL_PCD_EP_SetStall
 .text.HAL_PCD_EP_ClrStall
                0x00000000080035ba       0xbc ./Drivers/STM32F0xx_HAL_Driver/Src/stm32f0xx_hal_pcd.o
                0x00000000080035ba                HAL_PCD_EP_ClrStall
 *fill*         0x0000000008003676        0x2 
 .text.PCD_EP_ISR_Handler
                0x0000000008003678      0x80c ./Drivers/STM32F0xx_HAL_Driver/Src/stm32f0xx_hal_pcd.o
 .text.HAL_PCD_EP_DB_Receive
                0x0000000008003e84      0x238 ./Drivers/STM32F0xx_HAL_Driver/Src/stm32f0xx_hal_pcd.o
 .text.HAL_PCD_EP_DB_Transmit
                0x00000000080040bc      0x820 ./Drivers/STM32F0xx_HAL_Driver/Src/stm32f0xx_hal_pcd.o
 .text.HAL_PCDEx_PMAConfig
                0x00000000080048dc       0x9c ./Drivers/STM32F0xx_HAL_Driver/Src/stm32f0xx_hal_pcd_ex.o
                0x00000000080048dc                HAL_PCDEx_PMAConfig
 .text.HAL_PCDEx_ActivateLPM
                0x0000000008004978       0x54 ./Drivers/STM32F0xx_HAL_Driver/Src/stm32f0xx_hal_pcd_ex.o
                0x0000000008004978                HAL_PCDEx_ActivateLPM
 .text.HAL_PCDEx_LPM_Callback
                0x00000000080049cc       0x16 ./Drivers/STM32F0xx_HAL_Driver/Src/stm32f0xx_hal_pcd_ex.o
                0x00000000080049cc                HAL_PCDEx_LPM_Callback
 *fill*         0x00000000080049e2        0x2 
 .text.HAL_PWR_EnableBkUpAccess
                0x00000000080049e4       0x1c ./Drivers/STM32F0xx_HAL_Driver/Src/stm32f0xx_hal_pwr.o
                0x00000000080049e4                HAL_PWR_EnableBkUpAccess
 .text.HAL_RCC_OscConfig
                0x0000000008004a00      0x70c ./Drivers/STM32F0xx_HAL_Driver/Src/stm32f0xx_hal_rcc.o
                0x0000000008004a00                HAL_RCC_OscConfig
 .text.HAL_RCC_ClockConfig
                0x000000000800510c      0x1b4 ./Drivers/STM32F0xx_HAL_Driver/Src/stm32f0xx_hal_rcc.o
                0x000000000800510c                HAL_RCC_ClockConfig
 .text.HAL_RCC_GetSysClockFreq
                0x00000000080052c0       0xe4 ./Drivers/STM32F0xx_HAL_Driver/Src/stm32f0xx_hal_rcc.o
                0x00000000080052c0                HAL_RCC_GetSysClockFreq
 .text.HAL_RCC_GetHCLKFreq
                0x00000000080053a4       0x14 ./Drivers/STM32F0xx_HAL_Driver/Src/stm32f0xx_hal_rcc.o
                0x00000000080053a4                HAL_RCC_GetHCLKFreq
 .text.HAL_RCC_GetPCLK1Freq
                0x00000000080053b8       0x2c ./Drivers/STM32F0xx_HAL_Driver/Src/stm32f0xx_hal_rcc.o
                0x00000000080053b8                HAL_RCC_GetPCLK1Freq
 .text.HAL_RCCEx_PeriphCLKConfig
                0x00000000080053e4      0x1fc ./Drivers/STM32F0xx_HAL_Driver/Src/stm32f0xx_hal_rcc_ex.o
                0x00000000080053e4                HAL_RCCEx_PeriphCLKConfig
 .text.HAL_RTC_Init
                0x00000000080055e0      0x190 ./Drivers/STM32F0xx_HAL_Driver/Src/stm32f0xx_hal_rtc.o
                0x00000000080055e0                HAL_RTC_Init
 .text.HAL_RTC_RegisterCallback
                0x0000000008005770       0xf4 ./Drivers/STM32F0xx_HAL_Driver/Src/stm32f0xx_hal_rtc.o
                0x0000000008005770                HAL_RTC_RegisterCallback
 .text.HAL_RTC_SetTime
                0x0000000008005864      0x14c ./Drivers/STM32F0xx_HAL_Driver/Src/stm32f0xx_hal_rtc.o
                0x0000000008005864                HAL_RTC_SetTime
 .text.HAL_RTC_GetTime
                0x00000000080059b0       0xbc ./Drivers/STM32F0xx_HAL_Driver/Src/stm32f0xx_hal_rtc.o
                0x00000000080059b0                HAL_RTC_GetTime
 .text.HAL_RTC_SetDate
                0x0000000008005a6c      0x120 ./Drivers/STM32F0xx_HAL_Driver/Src/stm32f0xx_hal_rtc.o
                0x0000000008005a6c                HAL_RTC_SetDate
 .text.HAL_RTC_GetDate
                0x0000000008005b8c       0xa0 ./Drivers/STM32F0xx_HAL_Driver/Src/stm32f0xx_hal_rtc.o
                0x0000000008005b8c                HAL_RTC_GetDate
 .text.HAL_RTC_SetAlarm
                0x0000000008005c2c      0x1c8 ./Drivers/STM32F0xx_HAL_Driver/Src/stm32f0xx_hal_rtc.o
                0x0000000008005c2c                HAL_RTC_SetAlarm
 .text.HAL_RTC_SetAlarm_IT
                0x0000000008005df4      0x1f4 ./Drivers/STM32F0xx_HAL_Driver/Src/stm32f0xx_hal_rtc.o
                0x0000000008005df4                HAL_RTC_SetAlarm_IT
 .text.HAL_RTC_DeactivateAlarm
                0x0000000008005fe8       0xbc ./Drivers/STM32F0xx_HAL_Driver/Src/stm32f0xx_hal_rtc.o
                0x0000000008005fe8                HAL_RTC_DeactivateAlarm
 .text.HAL_RTC_GetAlarm
                0x00000000080060a4      0x100 ./Drivers/STM32F0xx_HAL_Driver/Src/stm32f0xx_hal_rtc.o
                0x00000000080060a4                HAL_RTC_GetAlarm
 .text.HAL_RTC_AlarmIRQHandler
                0x00000000080061a4       0x60 ./Drivers/STM32F0xx_HAL_Driver/Src/stm32f0xx_hal_rtc.o
                0x00000000080061a4                HAL_RTC_AlarmIRQHandler
 .text.HAL_RTC_AlarmAEventCallback
                0x0000000008006204       0x10 ./Drivers/STM32F0xx_HAL_Driver/Src/stm32f0xx_hal_rtc.o
                0x0000000008006204                HAL_RTC_AlarmAEventCallback
 .text.HAL_RTC_WaitForSynchro
                0x0000000008006214       0x50 ./Drivers/STM32F0xx_HAL_Driver/Src/stm32f0xx_hal_rtc.o
                0x0000000008006214                HAL_RTC_WaitForSynchro
 .text.RTC_EnterInitMode
                0x0000000008006264       0x86 ./Drivers/STM32F0xx_HAL_Driver/Src/stm32f0xx_hal_rtc.o
                0x0000000008006264                RTC_EnterInitMode
 .text.RTC_ExitInitMode
                0x00000000080062ea       0x52 ./Drivers/STM32F0xx_HAL_Driver/Src/stm32f0xx_hal_rtc.o
                0x00000000080062ea                RTC_ExitInitMode
 .text.RTC_ByteToBcd2
                0x000000000800633c       0x42 ./Drivers/STM32F0xx_HAL_Driver/Src/stm32f0xx_hal_rtc.o
                0x000000000800633c                RTC_ByteToBcd2
 .text.RTC_Bcd2ToByte
                0x000000000800637e       0x3e ./Drivers/STM32F0xx_HAL_Driver/Src/stm32f0xx_hal_rtc.o
                0x000000000800637e                RTC_Bcd2ToByte
 .text.HAL_RTCEx_TimeStampEventCallback
                0x00000000080063bc       0x10 ./Drivers/STM32F0xx_HAL_Driver/Src/stm32f0xx_hal_rtc_ex.o
                0x00000000080063bc                HAL_RTCEx_TimeStampEventCallback
 .text.HAL_RTCEx_Tamper1EventCallback
                0x00000000080063cc       0x10 ./Drivers/STM32F0xx_HAL_Driver/Src/stm32f0xx_hal_rtc_ex.o
                0x00000000080063cc                HAL_RTCEx_Tamper1EventCallback
 .text.HAL_RTCEx_Tamper2EventCallback
                0x00000000080063dc       0x10 ./Drivers/STM32F0xx_HAL_Driver/Src/stm32f0xx_hal_rtc_ex.o
                0x00000000080063dc                HAL_RTCEx_Tamper2EventCallback
 .text.HAL_RTCEx_Tamper3EventCallback
                0x00000000080063ec       0x10 ./Drivers/STM32F0xx_HAL_Driver/Src/stm32f0xx_hal_rtc_ex.o
                0x00000000080063ec                HAL_RTCEx_Tamper3EventCallback
 .text.HAL_RTCEx_WakeUpTimerEventCallback
                0x00000000080063fc       0x10 ./Drivers/STM32F0xx_HAL_Driver/Src/stm32f0xx_hal_rtc_ex.o
                0x00000000080063fc                HAL_RTCEx_WakeUpTimerEventCallback
 .text.HAL_TIM_Base_Init
                0x000000000800640c       0xbc ./Drivers/STM32F0xx_HAL_Driver/Src/stm32f0xx_hal_tim.o
                0x000000000800640c                HAL_TIM_Base_Init
 .text.HAL_TIM_Base_Stop
                0x00000000080064c8       0x4c ./Drivers/STM32F0xx_HAL_Driver/Src/stm32f0xx_hal_tim.o
                0x00000000080064c8                HAL_TIM_Base_Stop
 .text.HAL_TIM_Base_Start_IT
                0x0000000008006514       0xa4 ./Drivers/STM32F0xx_HAL_Driver/Src/stm32f0xx_hal_tim.o
                0x0000000008006514                HAL_TIM_Base_Start_IT
 .text.HAL_TIM_PWM_Init
                0x00000000080065b8       0xbc ./Drivers/STM32F0xx_HAL_Driver/Src/stm32f0xx_hal_tim.o
                0x00000000080065b8                HAL_TIM_PWM_Init
 .text.HAL_TIM_PWM_MspInit
                0x0000000008006674       0x10 ./Drivers/STM32F0xx_HAL_Driver/Src/stm32f0xx_hal_tim.o
                0x0000000008006674                HAL_TIM_PWM_MspInit
 .text.HAL_TIM_PWM_Start_IT
                0x0000000008006684      0x200 ./Drivers/STM32F0xx_HAL_Driver/Src/stm32f0xx_hal_tim.o
                0x0000000008006684                HAL_TIM_PWM_Start_IT
 .text.HAL_TIM_IRQHandler
                0x0000000008006884      0x26c ./Drivers/STM32F0xx_HAL_Driver/Src/stm32f0xx_hal_tim.o
                0x0000000008006884                HAL_TIM_IRQHandler
 .text.HAL_TIM_PWM_ConfigChannel
                0x0000000008006af0      0x18c ./Drivers/STM32F0xx_HAL_Driver/Src/stm32f0xx_hal_tim.o
                0x0000000008006af0                HAL_TIM_PWM_ConfigChannel
 .text.HAL_TIM_ConfigClockSource
                0x0000000008006c7c      0x1a8 ./Drivers/STM32F0xx_HAL_Driver/Src/stm32f0xx_hal_tim.o
                0x0000000008006c7c                HAL_TIM_ConfigClockSource
 .text.HAL_TIM_PeriodElapsedCallback
                0x0000000008006e24       0x10 ./Drivers/STM32F0xx_HAL_Driver/Src/stm32f0xx_hal_tim.o
                0x0000000008006e24                HAL_TIM_PeriodElapsedCallback
 .text.HAL_TIM_PeriodElapsedHalfCpltCallback
                0x0000000008006e34       0x10 ./Drivers/STM32F0xx_HAL_Driver/Src/stm32f0xx_hal_tim.o
                0x0000000008006e34                HAL_TIM_PeriodElapsedHalfCpltCallback
 .text.HAL_TIM_OC_DelayElapsedCallback
                0x0000000008006e44       0x10 ./Drivers/STM32F0xx_HAL_Driver/Src/stm32f0xx_hal_tim.o
                0x0000000008006e44                HAL_TIM_OC_DelayElapsedCallback
 .text.HAL_TIM_IC_CaptureCallback
                0x0000000008006e54       0x10 ./Drivers/STM32F0xx_HAL_Driver/Src/stm32f0xx_hal_tim.o
                0x0000000008006e54                HAL_TIM_IC_CaptureCallback
 .text.HAL_TIM_IC_CaptureHalfCpltCallback
                0x0000000008006e64       0x10 ./Drivers/STM32F0xx_HAL_Driver/Src/stm32f0xx_hal_tim.o
                0x0000000008006e64                HAL_TIM_IC_CaptureHalfCpltCallback
 .text.HAL_TIM_PWM_PulseFinishedCallback
                0x0000000008006e74       0x10 ./Drivers/STM32F0xx_HAL_Driver/Src/stm32f0xx_hal_tim.o
                0x0000000008006e74                HAL_TIM_PWM_PulseFinishedCallback
 .text.HAL_TIM_PWM_PulseFinishedHalfCpltCallback
                0x0000000008006e84       0x10 ./Drivers/STM32F0xx_HAL_Driver/Src/stm32f0xx_hal_tim.o
                0x0000000008006e84                HAL_TIM_PWM_PulseFinishedHalfCpltCallback
 .text.HAL_TIM_TriggerCallback
                0x0000000008006e94       0x10 ./Drivers/STM32F0xx_HAL_Driver/Src/stm32f0xx_hal_tim.o
                0x0000000008006e94                HAL_TIM_TriggerCallback
 .text.HAL_TIM_TriggerHalfCpltCallback
                0x0000000008006ea4       0x10 ./Drivers/STM32F0xx_HAL_Driver/Src/stm32f0xx_hal_tim.o
                0x0000000008006ea4                HAL_TIM_TriggerHalfCpltCallback
 .text.HAL_TIM_ErrorCallback
                0x0000000008006eb4       0x10 ./Drivers/STM32F0xx_HAL_Driver/Src/stm32f0xx_hal_tim.o
                0x0000000008006eb4                HAL_TIM_ErrorCallback
 .text.HAL_TIM_RegisterCallback
                0x0000000008006ec4      0x1fc ./Drivers/STM32F0xx_HAL_Driver/Src/stm32f0xx_hal_tim.o
                0x0000000008006ec4                HAL_TIM_RegisterCallback
 .text.TIM_Base_SetConfig
                0x00000000080070c0      0x100 ./Drivers/STM32F0xx_HAL_Driver/Src/stm32f0xx_hal_tim.o
                0x00000000080070c0                TIM_Base_SetConfig
 .text.TIM_OC1_SetConfig
                0x00000000080071c0      0x110 ./Drivers/STM32F0xx_HAL_Driver/Src/stm32f0xx_hal_tim.o
 .text.TIM_OC2_SetConfig
                0x00000000080072d0      0x108 ./Drivers/STM32F0xx_HAL_Driver/Src/stm32f0xx_hal_tim.o
                0x00000000080072d0                TIM_OC2_SetConfig
 .text.TIM_OC3_SetConfig
                0x00000000080073d8      0x10c ./Drivers/STM32F0xx_HAL_Driver/Src/stm32f0xx_hal_tim.o
 .text.TIM_OC4_SetConfig
                0x00000000080074e4       0xd4 ./Drivers/STM32F0xx_HAL_Driver/Src/stm32f0xx_hal_tim.o
 .text.TIM_TI1_ConfigInputStage
                0x00000000080075b8       0x5c ./Drivers/STM32F0xx_HAL_Driver/Src/stm32f0xx_hal_tim.o
 .text.TIM_TI2_ConfigInputStage
                0x0000000008007614       0x64 ./Drivers/STM32F0xx_HAL_Driver/Src/stm32f0xx_hal_tim.o
 .text.TIM_ITRx_SetConfig
                0x0000000008007678       0x32 ./Drivers/STM32F0xx_HAL_Driver/Src/stm32f0xx_hal_tim.o
 *fill*         0x00000000080076aa        0x2 
 .text.TIM_ETR_SetConfig
                0x00000000080076ac       0x40 ./Drivers/STM32F0xx_HAL_Driver/Src/stm32f0xx_hal_tim.o
                0x00000000080076ac                TIM_ETR_SetConfig
 .text.TIM_CCxChannelCmd
                0x00000000080076ec       0x46 ./Drivers/STM32F0xx_HAL_Driver/Src/stm32f0xx_hal_tim.o
                0x00000000080076ec                TIM_CCxChannelCmd
 *fill*         0x0000000008007732        0x2 
 .text.TIM_ResetCallback
                0x0000000008007734       0xac ./Drivers/STM32F0xx_HAL_Driver/Src/stm32f0xx_hal_tim.o
                0x0000000008007734                TIM_ResetCallback
 .text.HAL_TIMEx_MasterConfigSynchronization
                0x00000000080077e0       0xbc ./Drivers/STM32F0xx_HAL_Driver/Src/stm32f0xx_hal_tim_ex.o
                0x00000000080077e0                HAL_TIMEx_MasterConfigSynchronization
 .text.HAL_TIMEx_CommutCallback
                0x000000000800789c       0x10 ./Drivers/STM32F0xx_HAL_Driver/Src/stm32f0xx_hal_tim_ex.o
                0x000000000800789c                HAL_TIMEx_CommutCallback
 .text.HAL_TIMEx_CommutHalfCpltCallback
                0x00000000080078ac       0x10 ./Drivers/STM32F0xx_HAL_Driver/Src/stm32f0xx_hal_tim_ex.o
                0x00000000080078ac                HAL_TIMEx_CommutHalfCpltCallback
 .text.HAL_TIMEx_BreakCallback
                0x00000000080078bc       0x10 ./Drivers/STM32F0xx_HAL_Driver/Src/stm32f0xx_hal_tim_ex.o
                0x00000000080078bc                HAL_TIMEx_BreakCallback
 .text.HAL_UART_Init
                0x00000000080078cc       0xa8 ./Drivers/STM32F0xx_HAL_Driver/Src/stm32f0xx_hal_uart.o
                0x00000000080078cc                HAL_UART_Init
 .text.UART_SetConfig
                0x0000000008007974      0x310 ./Drivers/STM32F0xx_HAL_Driver/Src/stm32f0xx_hal_uart.o
                0x0000000008007974                UART_SetConfig
 .text.UART_AdvFeatureConfig
                0x0000000008007c84      0x168 ./Drivers/STM32F0xx_HAL_Driver/Src/stm32f0xx_hal_uart.o
                0x0000000008007c84                UART_AdvFeatureConfig
 .text.UART_CheckIdleState
                0x0000000008007dec      0x150 ./Drivers/STM32F0xx_HAL_Driver/Src/stm32f0xx_hal_uart.o
                0x0000000008007dec                UART_CheckIdleState
 .text.UART_WaitOnFlagUntilTimeout
                0x0000000008007f3c       0xd2 ./Drivers/STM32F0xx_HAL_Driver/Src/stm32f0xx_hal_uart.o
                0x0000000008007f3c                UART_WaitOnFlagUntilTimeout
 *fill*         0x000000000800800e        0x2 
 .text.UART_EndRxTransfer
                0x0000000008008010       0xc8 ./Drivers/STM32F0xx_HAL_Driver/Src/stm32f0xx_hal_uart.o
 .text.USB_EnableGlobalInt
                0x00000000080080d8       0x2c ./Drivers/STM32F0xx_HAL_Driver/Src/stm32f0xx_ll_usb.o
                0x00000000080080d8                USB_EnableGlobalInt
 .text.USB_DisableGlobalInt
                0x0000000008008104       0x34 ./Drivers/STM32F0xx_HAL_Driver/Src/stm32f0xx_ll_usb.o
                0x0000000008008104                USB_DisableGlobalInt
 .text.USB_DevInit
                0x0000000008008138       0x4e ./Drivers/STM32F0xx_HAL_Driver/Src/stm32f0xx_ll_usb.o
                0x0000000008008138                USB_DevInit
 *fill*         0x0000000008008186        0x2 
 .text.USB_ActivateEndpoint
                0x0000000008008188      0x744 ./Drivers/STM32F0xx_HAL_Driver/Src/stm32f0xx_ll_usb.o
                0x0000000008008188                USB_ActivateEndpoint
 .text.USB_DeactivateEndpoint
                0x00000000080088cc      0x380 ./Drivers/STM32F0xx_HAL_Driver/Src/stm32f0xx_ll_usb.o
                0x00000000080088cc                USB_DeactivateEndpoint
 .text.USB_EPStartXfer
                0x0000000008008c4c     0x1270 ./Drivers/STM32F0xx_HAL_Driver/Src/stm32f0xx_ll_usb.o
                0x0000000008008c4c                USB_EPStartXfer
 .text.USB_EPSetStall
                0x0000000008009ebc       0xa0 ./Drivers/STM32F0xx_HAL_Driver/Src/stm32f0xx_ll_usb.o
                0x0000000008009ebc                USB_EPSetStall
 .text.USB_EPClearStall
                0x0000000008009f5c      0x164 ./Drivers/STM32F0xx_HAL_Driver/Src/stm32f0xx_ll_usb.o
                0x0000000008009f5c                USB_EPClearStall
 .text.USB_SetDevAddress
                0x000000000800a0c0       0x28 ./Drivers/STM32F0xx_HAL_Driver/Src/stm32f0xx_ll_usb.o
                0x000000000800a0c0                USB_SetDevAddress
 .text.USB_DevConnect
                0x000000000800a0e8       0x2c ./Drivers/STM32F0xx_HAL_Driver/Src/stm32f0xx_ll_usb.o
                0x000000000800a0e8                USB_DevConnect
 .text.USB_ReadInterrupts
                0x000000000800a114       0x1c ./Drivers/STM32F0xx_HAL_Driver/Src/stm32f0xx_ll_usb.o
                0x000000000800a114                USB_ReadInterrupts
 .text.USB_WritePMA
                0x000000000800a130       0x92 ./Drivers/STM32F0xx_HAL_Driver/Src/stm32f0xx_ll_usb.o
                0x000000000800a130                USB_WritePMA
 .text.USB_ReadPMA
                0x000000000800a1c2       0x9e ./Drivers/STM32F0xx_HAL_Driver/Src/stm32f0xx_ll_usb.o
                0x000000000800a1c2                USB_ReadPMA
 .text.USBD_CDC_Init
                0x000000000800a260      0x118 ./Middlewares/ST/STM32_USB_Device_Library/Class/CDC/Src/usbd_cdc.o
 .text.USBD_CDC_DeInit
                0x000000000800a378       0x88 ./Middlewares/ST/STM32_USB_Device_Library/Class/CDC/Src/usbd_cdc.o
 .text.USBD_CDC_Setup
                0x000000000800a400      0x190 ./Middlewares/ST/STM32_USB_Device_Library/Class/CDC/Src/usbd_cdc.o
 .text.USBD_CDC_DataIn
                0x000000000800a590       0xb6 ./Middlewares/ST/STM32_USB_Device_Library/Class/CDC/Src/usbd_cdc.o
 .text.USBD_CDC_DataOut
                0x000000000800a646       0x6a ./Middlewares/ST/STM32_USB_Device_Library/Class/CDC/Src/usbd_cdc.o
 .text.USBD_CDC_EP0_RxReady
                0x000000000800a6b0       0x60 ./Middlewares/ST/STM32_USB_Device_Library/Class/CDC/Src/usbd_cdc.o
 .text.USBD_CDC_GetFSCfgDesc
                0x000000000800a710       0x1c ./Middlewares/ST/STM32_USB_Device_Library/Class/CDC/Src/usbd_cdc.o
 .text.USBD_CDC_GetHSCfgDesc
                0x000000000800a72c       0x1c ./Middlewares/ST/STM32_USB_Device_Library/Class/CDC/Src/usbd_cdc.o
 .text.USBD_CDC_GetOtherSpeedCfgDesc
                0x000000000800a748       0x1c ./Middlewares/ST/STM32_USB_Device_Library/Class/CDC/Src/usbd_cdc.o
 .text.USBD_CDC_GetDeviceQualifierDescriptor
                0x000000000800a764       0x1c ./Middlewares/ST/STM32_USB_Device_Library/Class/CDC/Src/usbd_cdc.o
                0x000000000800a764                USBD_CDC_GetDeviceQualifierDescriptor
 .text.USBD_CDC_RegisterInterface
                0x000000000800a780       0x36 ./Middlewares/ST/STM32_USB_Device_Library/Class/CDC/Src/usbd_cdc.o
                0x000000000800a780                USBD_CDC_RegisterInterface
 .text.USBD_CDC_SetTxBuffer
                0x000000000800a7b6       0x38 ./Middlewares/ST/STM32_USB_Device_Library/Class/CDC/Src/usbd_cdc.o
                0x000000000800a7b6                USBD_CDC_SetTxBuffer
 .text.USBD_CDC_SetRxBuffer
                0x000000000800a7ee       0x28 ./Middlewares/ST/STM32_USB_Device_Library/Class/CDC/Src/usbd_cdc.o
                0x000000000800a7ee                USBD_CDC_SetRxBuffer
 .text.USBD_CDC_TransmitPacket
                0x000000000800a816       0x6e ./Middlewares/ST/STM32_USB_Device_Library/Class/CDC/Src/usbd_cdc.o
                0x000000000800a816                USBD_CDC_TransmitPacket
 .text.USBD_CDC_ReceivePacket
                0x000000000800a884       0x5c ./Middlewares/ST/STM32_USB_Device_Library/Class/CDC/Src/usbd_cdc.o
                0x000000000800a884                USBD_CDC_ReceivePacket
 .text.USBD_Init
                0x000000000800a8e0       0x62 ./Middlewares/ST/STM32_USB_Device_Library/Core/Src/usbd_core.o
                0x000000000800a8e0                USBD_Init
 .text.USBD_RegisterClass
                0x000000000800a942       0x40 ./Middlewares/ST/STM32_USB_Device_Library/Core/Src/usbd_core.o
                0x000000000800a942                USBD_RegisterClass
 .text.USBD_Start
                0x000000000800a982       0x1a ./Middlewares/ST/STM32_USB_Device_Library/Core/Src/usbd_core.o
                0x000000000800a982                USBD_Start
 .text.USBD_RunTestMode
                0x000000000800a99c       0x12 ./Middlewares/ST/STM32_USB_Device_Library/Core/Src/usbd_core.o
                0x000000000800a99c                USBD_RunTestMode
 .text.USBD_SetClassConfig
                0x000000000800a9ae       0x4e ./Middlewares/ST/STM32_USB_Device_Library/Core/Src/usbd_core.o
                0x000000000800a9ae                USBD_SetClassConfig
 .text.USBD_ClrClassConfig
                0x000000000800a9fc       0x2c ./Middlewares/ST/STM32_USB_Device_Library/Core/Src/usbd_core.o
                0x000000000800a9fc                USBD_ClrClassConfig
 .text.USBD_LL_SetupStage
                0x000000000800aa28       0xbc ./Middlewares/ST/STM32_USB_Device_Library/Core/Src/usbd_core.o
                0x000000000800aa28                USBD_LL_SetupStage
 .text.USBD_LL_DataOutStage
                0x000000000800aae4      0x104 ./Middlewares/ST/STM32_USB_Device_Library/Core/Src/usbd_core.o
                0x000000000800aae4                USBD_LL_DataOutStage
 .text.USBD_LL_DataInStage
                0x000000000800abe8      0x17a ./Middlewares/ST/STM32_USB_Device_Library/Core/Src/usbd_core.o
                0x000000000800abe8                USBD_LL_DataInStage
 .text.USBD_LL_Reset
                0x000000000800ad62       0x90 ./Middlewares/ST/STM32_USB_Device_Library/Core/Src/usbd_core.o
                0x000000000800ad62                USBD_LL_Reset
 .text.USBD_LL_SetSpeed
                0x000000000800adf2       0x20 ./Middlewares/ST/STM32_USB_Device_Library/Core/Src/usbd_core.o
                0x000000000800adf2                USBD_LL_SetSpeed
 *fill*         0x000000000800ae12        0x2 
 .text.USBD_LL_Suspend
                0x000000000800ae14       0x30 ./Middlewares/ST/STM32_USB_Device_Library/Core/Src/usbd_core.o
                0x000000000800ae14                USBD_LL_Suspend
 .text.USBD_LL_Resume
                0x000000000800ae44       0x30 ./Middlewares/ST/STM32_USB_Device_Library/Core/Src/usbd_core.o
                0x000000000800ae44                USBD_LL_Resume
 .text.USBD_LL_SOF
                0x000000000800ae74       0x3c ./Middlewares/ST/STM32_USB_Device_Library/Core/Src/usbd_core.o
                0x000000000800ae74                USBD_LL_SOF
 .text.USBD_StdDevReq
                0x000000000800aeb0       0xe4 ./Middlewares/ST/STM32_USB_Device_Library/Core/Src/usbd_ctlreq.o
                0x000000000800aeb0                USBD_StdDevReq
 .text.USBD_StdItfReq
                0x000000000800af94       0xae ./Middlewares/ST/STM32_USB_Device_Library/Core/Src/usbd_ctlreq.o
                0x000000000800af94                USBD_StdItfReq
 .text.USBD_StdEPReq
                0x000000000800b042      0x36c ./Middlewares/ST/STM32_USB_Device_Library/Core/Src/usbd_ctlreq.o
                0x000000000800b042                USBD_StdEPReq
 *fill*         0x000000000800b3ae        0x2 
 .text.USBD_GetDescriptor
                0x000000000800b3b0      0x364 ./Middlewares/ST/STM32_USB_Device_Library/Core/Src/usbd_ctlreq.o
 .text.USBD_SetAddress
                0x000000000800b714       0xa8 ./Middlewares/ST/STM32_USB_Device_Library/Core/Src/usbd_ctlreq.o
 .text.USBD_SetConfig
                0x000000000800b7bc      0x148 ./Middlewares/ST/STM32_USB_Device_Library/Core/Src/usbd_ctlreq.o
 .text.USBD_GetConfig
                0x000000000800b904       0x76 ./Middlewares/ST/STM32_USB_Device_Library/Core/Src/usbd_ctlreq.o
 .text.USBD_GetStatus
                0x000000000800b97a       0x74 ./Middlewares/ST/STM32_USB_Device_Library/Core/Src/usbd_ctlreq.o
 .text.USBD_SetFeature
                0x000000000800b9ee       0x2c ./Middlewares/ST/STM32_USB_Device_Library/Core/Src/usbd_ctlreq.o
 .text.USBD_ClrFeature
                0x000000000800ba1a       0x4c ./Middlewares/ST/STM32_USB_Device_Library/Core/Src/usbd_ctlreq.o
 .text.USBD_ParseSetupRequest
                0x000000000800ba66       0x76 ./Middlewares/ST/STM32_USB_Device_Library/Core/Src/usbd_ctlreq.o
                0x000000000800ba66                USBD_ParseSetupRequest
 .text.USBD_CtlError
                0x000000000800badc       0x26 ./Middlewares/ST/STM32_USB_Device_Library/Core/Src/usbd_ctlreq.o
                0x000000000800badc                USBD_CtlError
 .text.USBD_GetString
                0x000000000800bb02       0x9c ./Middlewares/ST/STM32_USB_Device_Library/Core/Src/usbd_ctlreq.o
                0x000000000800bb02                USBD_GetString
 .text.USBD_GetLen
                0x000000000800bb9e       0x3a ./Middlewares/ST/STM32_USB_Device_Library/Core/Src/usbd_ctlreq.o
 .text.USBD_CtlSendData
                0x000000000800bbd8       0x40 ./Middlewares/ST/STM32_USB_Device_Library/Core/Src/usbd_ioreq.o
                0x000000000800bbd8                USBD_CtlSendData
 .text.USBD_CtlContinueSendData
                0x000000000800bc18       0x26 ./Middlewares/ST/STM32_USB_Device_Library/Core/Src/usbd_ioreq.o
                0x000000000800bc18                USBD_CtlContinueSendData
 .text.USBD_CtlPrepareRx
                0x000000000800bc3e       0x48 ./Middlewares/ST/STM32_USB_Device_Library/Core/Src/usbd_ioreq.o
                0x000000000800bc3e                USBD_CtlPrepareRx
 .text.USBD_CtlContinueRx
                0x000000000800bc86       0x26 ./Middlewares/ST/STM32_USB_Device_Library/Core/Src/usbd_ioreq.o
                0x000000000800bc86                USBD_CtlContinueRx
 .text.USBD_CtlSendStatus
                0x000000000800bcac       0x28 ./Middlewares/ST/STM32_USB_Device_Library/Core/Src/usbd_ioreq.o
                0x000000000800bcac                USBD_CtlSendStatus
 .text.USBD_CtlReceiveStatus
                0x000000000800bcd4       0x28 ./Middlewares/ST/STM32_USB_Device_Library/Core/Src/usbd_ioreq.o
                0x000000000800bcd4                USBD_CtlReceiveStatus
 .text.MX_USB_DEVICE_Init
                0x000000000800bcfc       0x68 ./USB_DEVICE/App/usb_device.o
                0x000000000800bcfc                MX_USB_DEVICE_Init
 .text.usb_char_waiting
                0x000000000800bd64       0x28 ./USB_DEVICE/App/usbd_cdc_if.o
                0x000000000800bd64                usb_char_waiting
 .text.usb_read_char
                0x000000000800bd8c       0x40 ./USB_DEVICE/App/usbd_cdc_if.o
                0x000000000800bd8c                usb_read_char
 .text.usb_is_configured
                0x000000000800bdcc       0x14 ./USB_DEVICE/App/usbd_cdc_if.o
                0x000000000800bdcc                usb_is_configured
 .text.usb_write_chars
                0x000000000800bde0       0x2e ./USB_DEVICE/App/usbd_cdc_if.o
                0x000000000800bde0                usb_write_chars
 *fill*         0x000000000800be0e        0x2 
 .text.CDC_Init_FS
                0x000000000800be10       0x30 ./USB_DEVICE/App/usbd_cdc_if.o
 .text.CDC_DeInit_FS
                0x000000000800be40        0xc ./USB_DEVICE/App/usbd_cdc_if.o
 .text.CDC_Control_FS
                0x000000000800be4c       0x44 ./USB_DEVICE/App/usbd_cdc_if.o
 .text.CDC_Receive_FS
                0x000000000800be90       0x74 ./USB_DEVICE/App/usbd_cdc_if.o
 .text.CDC_Transmit_FS
                0x000000000800bf04       0x60 ./USB_DEVICE/App/usbd_cdc_if.o
                0x000000000800bf04                CDC_Transmit_FS
 .text.USBD_FS_DeviceDescriptor
                0x000000000800bf64       0x24 ./USB_DEVICE/App/usbd_desc.o
                0x000000000800bf64                USBD_FS_DeviceDescriptor
 .text.USBD_FS_LangIDStrDescriptor
                0x000000000800bf88       0x24 ./USB_DEVICE/App/usbd_desc.o
                0x000000000800bf88                USBD_FS_LangIDStrDescriptor
 .text.USBD_FS_ProductStrDescriptor
                0x000000000800bfac       0x44 ./USB_DEVICE/App/usbd_desc.o
                0x000000000800bfac                USBD_FS_ProductStrDescriptor
 .text.USBD_FS_ManufacturerStrDescriptor
                0x000000000800bff0       0x2c ./USB_DEVICE/App/usbd_desc.o
                0x000000000800bff0                USBD_FS_ManufacturerStrDescriptor
 .text.USBD_FS_SerialStrDescriptor
                0x000000000800c01c       0x28 ./USB_DEVICE/App/usbd_desc.o
                0x000000000800c01c                USBD_FS_SerialStrDescriptor
 .text.USBD_FS_ConfigStrDescriptor
                0x000000000800c044       0x44 ./USB_DEVICE/App/usbd_desc.o
                0x000000000800c044                USBD_FS_ConfigStrDescriptor
 .text.USBD_FS_InterfaceStrDescriptor
                0x000000000800c088       0x44 ./USB_DEVICE/App/usbd_desc.o
                0x000000000800c088                USBD_FS_InterfaceStrDescriptor
 .text.Get_SerialNum
                0x000000000800c0cc       0x5c ./USB_DEVICE/App/usbd_desc.o
 .text.IntToUnicode
                0x000000000800c128       0x96 ./USB_DEVICE/App/usbd_desc.o
 *fill*         0x000000000800c1be        0x2 
 .text.HAL_PCD_MspInit
                0x000000000800c1c0       0x50 ./USB_DEVICE/Target/usbd_conf.o
                0x000000000800c1c0                HAL_PCD_MspInit
 .text.HAL_PCD_SetupStageCallback
                0x000000000800c210       0x2a ./USB_DEVICE/Target/usbd_conf.o
                0x000000000800c210                HAL_PCD_SetupStageCallback
 .text.HAL_PCD_DataOutStageCallback
                0x000000000800c23a       0x42 ./USB_DEVICE/Target/usbd_conf.o
                0x000000000800c23a                HAL_PCD_DataOutStageCallback
 .text.HAL_PCD_DataInStageCallback
                0x000000000800c27c       0x3c ./USB_DEVICE/Target/usbd_conf.o
                0x000000000800c27c                HAL_PCD_DataInStageCallback
 .text.HAL_PCD_SOFCallback
                0x000000000800c2b8       0x1e ./USB_DEVICE/Target/usbd_conf.o
                0x000000000800c2b8                HAL_PCD_SOFCallback
 .text.HAL_PCD_ResetCallback
                0x000000000800c2d6       0x48 ./USB_DEVICE/Target/usbd_conf.o
                0x000000000800c2d6                HAL_PCD_ResetCallback
 *fill*         0x000000000800c31e        0x2 
 .text.HAL_PCD_SuspendCallback
                0x000000000800c320       0x38 ./USB_DEVICE/Target/usbd_conf.o
                0x000000000800c320                HAL_PCD_SuspendCallback
 .text.HAL_PCD_ResumeCallback
                0x000000000800c358       0x3c ./USB_DEVICE/Target/usbd_conf.o
                0x000000000800c358                HAL_PCD_ResumeCallback
 .text.USBD_LL_Init
                0x000000000800c394       0xc8 ./USB_DEVICE/Target/usbd_conf.o
                0x000000000800c394                USBD_LL_Init
 .text.USBD_LL_Start
                0x000000000800c45c       0x4a ./USB_DEVICE/Target/usbd_conf.o
                0x000000000800c45c                USBD_LL_Start
 .text.USBD_LL_OpenEP
                0x000000000800c4a6       0x6e ./USB_DEVICE/Target/usbd_conf.o
                0x000000000800c4a6                USBD_LL_OpenEP
 .text.USBD_LL_CloseEP
                0x000000000800c514       0x56 ./USB_DEVICE/Target/usbd_conf.o
                0x000000000800c514                USBD_LL_CloseEP
 .text.USBD_LL_StallEP
                0x000000000800c56a       0x56 ./USB_DEVICE/Target/usbd_conf.o
                0x000000000800c56a                USBD_LL_StallEP
 .text.USBD_LL_ClearStallEP
                0x000000000800c5c0       0x56 ./USB_DEVICE/Target/usbd_conf.o
                0x000000000800c5c0                USBD_LL_ClearStallEP
 .text.USBD_LL_IsStallEP
                0x000000000800c616       0x62 ./USB_DEVICE/Target/usbd_conf.o
                0x000000000800c616                USBD_LL_IsStallEP
 .text.USBD_LL_SetUSBAddress
                0x000000000800c678       0x56 ./USB_DEVICE/Target/usbd_conf.o
                0x000000000800c678                USBD_LL_SetUSBAddress
 .text.USBD_LL_Transmit
                0x000000000800c6ce       0x6e ./USB_DEVICE/Target/usbd_conf.o
                0x000000000800c6ce                USBD_LL_Transmit
 .text.USBD_LL_PrepareReceive
                0x000000000800c73c       0x6e ./USB_DEVICE/Target/usbd_conf.o
                0x000000000800c73c                USBD_LL_PrepareReceive
 .text.USBD_LL_GetRxDataSize
                0x000000000800c7aa       0x2c ./USB_DEVICE/Target/usbd_conf.o
                0x000000000800c7aa                USBD_LL_GetRxDataSize
 *fill*         0x000000000800c7d6        0x2 
 .text.USBD_static_malloc
                0x000000000800c7d8       0x18 ./USB_DEVICE/Target/usbd_conf.o
                0x000000000800c7d8                USBD_static_malloc
 .text.USBD_static_free
                0x000000000800c7f0       0x10 ./USB_DEVICE/Target/usbd_conf.o
                0x000000000800c7f0                USBD_static_free
 .text.SystemClockConfig_Resume
                0x000000000800c800        0xe ./USB_DEVICE/Target/usbd_conf.o
 .text.USBD_Get_USB_Status
                0x000000000800c80e       0x6e ./USB_DEVICE/Target/usbd_conf.o
 .text.__errno  0x000000000800c87c        0xc /opt/st/stm32cubeide_1.12.0/plugins/com.st.stm32cube.ide.mcu.externaltools.gnu-tools-for-stm32.10.3-2021.10.linux64_1.0.200.202301161003/tools/bin/../lib/gcc/arm-none-eabi/10.3.1/../../../../arm-none-eabi/lib/thumb/v6-m/nofp/libc_nano.a(lib_a-errno.o)
                0x000000000800c87c                __errno
 .text.fprintf  0x000000000800c888       0x20 /opt/st/stm32cubeide_1.12.0/plugins/com.st.stm32cube.ide.mcu.externaltools.gnu-tools-for-stm32.10.3-2021.10.linux64_1.0.200.202301161003/tools/bin/../lib/gcc/arm-none-eabi/10.3.1/../../../../arm-none-eabi/lib/thumb/v6-m/nofp/libc_nano.a(lib_a-fprintf.o)
                0x000000000800c888                fprintf
                0x000000000800c888                fiprintf
 .text.getchar  0x000000000800c8a8       0x24 /opt/st/stm32cubeide_1.12.0/plugins/com.st.stm32cube.ide.mcu.externaltools.gnu-tools-for-stm32.10.3-2021.10.linux64_1.0.200.202301161003/tools/bin/../lib/gcc/arm-none-eabi/10.3.1/../../../../arm-none-eabi/lib/thumb/v6-m/nofp/libc_nano.a(lib_a-getchar.o)
                0x000000000800c8a8                getchar
 .text.__libc_init_array
                0x000000000800c8cc       0x48 /opt/st/stm32cubeide_1.12.0/plugins/com.st.stm32cube.ide.mcu.externaltools.gnu-tools-for-stm32.10.3-2021.10.linux64_1.0.200.202301161003/tools/bin/../lib/gcc/arm-none-eabi/10.3.1/../../../../arm-none-eabi/lib/thumb/v6-m/nofp/libc_nano.a(lib_a-init.o)
                0x000000000800c8cc                __libc_init_array
 .text.memset   0x000000000800c914       0x10 /opt/st/stm32cubeide_1.12.0/plugins/com.st.stm32cube.ide.mcu.externaltools.gnu-tools-for-stm32.10.3-2021.10.linux64_1.0.200.202301161003/tools/bin/../lib/gcc/arm-none-eabi/10.3.1/../../../../arm-none-eabi/lib/thumb/v6-m/nofp/libc_nano.a(lib_a-memset.o)
                0x000000000800c914                memset
 .text.__sfputc_r
                0x000000000800c924       0x2a /opt/st/stm32cubeide_1.12.0/plugins/com.st.stm32cube.ide.mcu.externaltools.gnu-tools-for-stm32.10.3-2021.10.linux64_1.0.200.202301161003/tools/bin/../lib/gcc/arm-none-eabi/10.3.1/../../../../arm-none-eabi/lib/thumb/v6-m/nofp/libc_nano.a(lib_a-nano-vfprintf.o)
 .text.__sfputs_r
                0x000000000800c94e       0x24 /opt/st/stm32cubeide_1.12.0/plugins/com.st.stm32cube.ide.mcu.externaltools.gnu-tools-for-stm32.10.3-2021.10.linux64_1.0.200.202301161003/tools/bin/../lib/gcc/arm-none-eabi/10.3.1/../../../../arm-none-eabi/lib/thumb/v6-m/nofp/libc_nano.a(lib_a-nano-vfprintf.o)
                0x000000000800c94e                __sfputs_r
 *fill*         0x000000000800c972        0x2 
 .text._vfprintf_r
                0x000000000800c974      0x274 /opt/st/stm32cubeide_1.12.0/plugins/com.st.stm32cube.ide.mcu.externaltools.gnu-tools-for-stm32.10.3-2021.10.linux64_1.0.200.202301161003/tools/bin/../lib/gcc/arm-none-eabi/10.3.1/../../../../arm-none-eabi/lib/thumb/v6-m/nofp/libc_nano.a(lib_a-nano-vfprintf.o)
                0x000000000800c974                _vfiprintf_r
                0x000000000800c974                _vfprintf_r
 .text._printf_common
                0x000000000800cbe8       0xde /opt/st/stm32cubeide_1.12.0/plugins/com.st.stm32cube.ide.mcu.externaltools.gnu-tools-for-stm32.10.3-2021.10.linux64_1.0.200.202301161003/tools/bin/../lib/gcc/arm-none-eabi/10.3.1/../../../../arm-none-eabi/lib/thumb/v6-m/nofp/libc_nano.a(lib_a-nano-vfprintf_i.o)
                0x000000000800cbe8                _printf_common
 *fill*         0x000000000800ccc6        0x2 
 .text._printf_i
                0x000000000800ccc8      0x224 /opt/st/stm32cubeide_1.12.0/plugins/com.st.stm32cube.ide.mcu.externaltools.gnu-tools-for-stm32.10.3-2021.10.linux64_1.0.200.202301161003/tools/bin/../lib/gcc/arm-none-eabi/10.3.1/../../../../arm-none-eabi/lib/thumb/v6-m/nofp/libc_nano.a(lib_a-nano-vfprintf_i.o)
                0x000000000800ccc8                _printf_i
 .text.printf   0x000000000800ceec       0x34 /opt/st/stm32cubeide_1.12.0/plugins/com.st.stm32cube.ide.mcu.externaltools.gnu-tools-for-stm32.10.3-2021.10.linux64_1.0.200.202301161003/tools/bin/../lib/gcc/arm-none-eabi/10.3.1/../../../../arm-none-eabi/lib/thumb/v6-m/nofp/libc_nano.a(lib_a-printf.o)
                0x000000000800ceec                printf
                0x000000000800ceec                iprintf
 .text.putchar  0x000000000800cf20       0x28 /opt/st/stm32cubeide_1.12.0/plugins/com.st.stm32cube.ide.mcu.externaltools.gnu-tools-for-stm32.10.3-2021.10.linux64_1.0.200.202301161003/tools/bin/../lib/gcc/arm-none-eabi/10.3.1/../../../../arm-none-eabi/lib/thumb/v6-m/nofp/libc_nano.a(lib_a-putchar.o)
                0x000000000800cf20                putchar
 .text._puts_r  0x000000000800cf48       0xe4 /opt/st/stm32cubeide_1.12.0/plugins/com.st.stm32cube.ide.mcu.externaltools.gnu-tools-for-stm32.10.3-2021.10.linux64_1.0.200.202301161003/tools/bin/../lib/gcc/arm-none-eabi/10.3.1/../../../../arm-none-eabi/lib/thumb/v6-m/nofp/libc_nano.a(lib_a-puts.o)
                0x000000000800cf48                _puts_r
 .text.puts     0x000000000800d02c       0x14 /opt/st/stm32cubeide_1.12.0/plugins/com.st.stm32cube.ide.mcu.externaltools.gnu-tools-for-stm32.10.3-2021.10.linux64_1.0.200.202301161003/tools/bin/../lib/gcc/arm-none-eabi/10.3.1/../../../../arm-none-eabi/lib/thumb/v6-m/nofp/libc_nano.a(lib_a-puts.o)
                0x000000000800d02c                puts
 .text.setvbuf  0x000000000800d040      0x190 /opt/st/stm32cubeide_1.12.0/plugins/com.st.stm32cube.ide.mcu.externaltools.gnu-tools-for-stm32.10.3-2021.10.linux64_1.0.200.202301161003/tools/bin/../lib/gcc/arm-none-eabi/10.3.1/../../../../arm-none-eabi/lib/thumb/v6-m/nofp/libc_nano.a(lib_a-setvbuf.o)
                0x000000000800d040                setvbuf
 .text.sscanf   0x000000000800d1d0       0x50 /opt/st/stm32cubeide_1.12.0/plugins/com.st.stm32cube.ide.mcu.externaltools.gnu-tools-for-stm32.10.3-2021.10.linux64_1.0.200.202301161003/tools/bin/../lib/gcc/arm-none-eabi/10.3.1/../../../../arm-none-eabi/lib/thumb/v6-m/nofp/libc_nano.a(lib_a-sscanf.o)
                0x000000000800d1d0                sscanf
                0x000000000800d1d0                siscanf
 .text.__sread  0x000000000800d220       0x28 /opt/st/stm32cubeide_1.12.0/plugins/com.st.stm32cube.ide.mcu.externaltools.gnu-tools-for-stm32.10.3-2021.10.linux64_1.0.200.202301161003/tools/bin/../lib/gcc/arm-none-eabi/10.3.1/../../../../arm-none-eabi/lib/thumb/v6-m/nofp/libc_nano.a(lib_a-stdio.o)
                0x000000000800d220                __sread
 .text.__seofread
                0x000000000800d248        0x4 /opt/st/stm32cubeide_1.12.0/plugins/com.st.stm32cube.ide.mcu.externaltools.gnu-tools-for-stm32.10.3-2021.10.linux64_1.0.200.202301161003/tools/bin/../lib/gcc/arm-none-eabi/10.3.1/../../../../arm-none-eabi/lib/thumb/v6-m/nofp/libc_nano.a(lib_a-stdio.o)
                0x000000000800d248                __seofread
 .text.__swrite
                0x000000000800d24c       0x38 /opt/st/stm32cubeide_1.12.0/plugins/com.st.stm32cube.ide.mcu.externaltools.gnu-tools-for-stm32.10.3-2021.10.linux64_1.0.200.202301161003/tools/bin/../lib/gcc/arm-none-eabi/10.3.1/../../../../arm-none-eabi/lib/thumb/v6-m/nofp/libc_nano.a(lib_a-stdio.o)
                0x000000000800d24c                __swrite
 .text.__sseek  0x000000000800d284       0x2c /opt/st/stm32cubeide_1.12.0/plugins/com.st.stm32cube.ide.mcu.externaltools.gnu-tools-for-stm32.10.3-2021.10.linux64_1.0.200.202301161003/tools/bin/../lib/gcc/arm-none-eabi/10.3.1/../../../../arm-none-eabi/lib/thumb/v6-m/nofp/libc_nano.a(lib_a-stdio.o)
                0x000000000800d284                __sseek
 .text.__sclose
                0x000000000800d2b0        0xc /opt/st/stm32cubeide_1.12.0/plugins/com.st.stm32cube.ide.mcu.externaltools.gnu-tools-for-stm32.10.3-2021.10.linux64_1.0.200.202301161003/tools/bin/../lib/gcc/arm-none-eabi/10.3.1/../../../../arm-none-eabi/lib/thumb/v6-m/nofp/libc_nano.a(lib_a-stdio.o)
                0x000000000800d2b0                __sclose
 .text.strcpy   0x000000000800d2bc       0x10 /opt/st/stm32cubeide_1.12.0/plugins/com.st.stm32cube.ide.mcu.externaltools.gnu-tools-for-stm32.10.3-2021.10.linux64_1.0.200.202301161003/tools/bin/../lib/gcc/arm-none-eabi/10.3.1/../../../../arm-none-eabi/lib/thumb/v6-m/nofp/libc_nano.a(lib_a-strcpy.o)
                0x000000000800d2bc                strcpy
 .text.strncmp  0x000000000800d2cc       0x24 /opt/st/stm32cubeide_1.12.0/plugins/com.st.stm32cube.ide.mcu.externaltools.gnu-tools-for-stm32.10.3-2021.10.linux64_1.0.200.202301161003/tools/bin/../lib/gcc/arm-none-eabi/10.3.1/../../../../arm-none-eabi/lib/thumb/v6-m/nofp/libc_nano.a(lib_a-strncmp.o)
                0x000000000800d2cc                strncmp
 .text.__swbuf_r
                0x000000000800d2f0       0xac /opt/st/stm32cubeide_1.12.0/plugins/com.st.stm32cube.ide.mcu.externaltools.gnu-tools-for-stm32.10.3-2021.10.linux64_1.0.200.202301161003/tools/bin/../lib/gcc/arm-none-eabi/10.3.1/../../../../arm-none-eabi/lib/thumb/v6-m/nofp/libc_nano.a(lib_a-wbuf.o)
                0x000000000800d2f0                __swbuf_r
 .text._write_r
                0x000000000800d39c       0x28 /opt/st/stm32cubeide_1.12.0/plugins/com.st.stm32cube.ide.mcu.externaltools.gnu-tools-for-stm32.10.3-2021.10.linux64_1.0.200.202301161003/tools/bin/../lib/gcc/arm-none-eabi/10.3.1/../../../../arm-none-eabi/lib/thumb/v6-m/nofp/libc_nano.a(lib_a-writer.o)
                0x000000000800d39c                _write_r
 .text.__swsetup_r
                0x000000000800d3c4       0xf0 /opt/st/stm32cubeide_1.12.0/plugins/com.st.stm32cube.ide.mcu.externaltools.gnu-tools-for-stm32.10.3-2021.10.linux64_1.0.200.202301161003/tools/bin/../lib/gcc/arm-none-eabi/10.3.1/../../../../arm-none-eabi/lib/thumb/v6-m/nofp/libc_nano.a(lib_a-wsetup.o)
                0x000000000800d3c4                __swsetup_r
 .text._close_r
                0x000000000800d4b4       0x24 /opt/st/stm32cubeide_1.12.0/plugins/com.st.stm32cube.ide.mcu.externaltools.gnu-tools-for-stm32.10.3-2021.10.linux64_1.0.200.202301161003/tools/bin/../lib/gcc/arm-none-eabi/10.3.1/../../../../arm-none-eabi/lib/thumb/v6-m/nofp/libc_nano.a(lib_a-closer.o)
                0x000000000800d4b4                _close_r
 .text.__sflush_r
                0x000000000800d4d8      0x118 /opt/st/stm32cubeide_1.12.0/plugins/com.st.stm32cube.ide.mcu.externaltools.gnu-tools-for-stm32.10.3-2021.10.linux64_1.0.200.202301161003/tools/bin/../lib/gcc/arm-none-eabi/10.3.1/../../../../arm-none-eabi/lib/thumb/v6-m/nofp/libc_nano.a(lib_a-fflush.o)
                0x000000000800d4d8                __sflush_r
 .text._fflush_r
                0x000000000800d5f0       0x80 /opt/st/stm32cubeide_1.12.0/plugins/com.st.stm32cube.ide.mcu.externaltools.gnu-tools-for-stm32.10.3-2021.10.linux64_1.0.200.202301161003/tools/bin/../lib/gcc/arm-none-eabi/10.3.1/../../../../arm-none-eabi/lib/thumb/v6-m/nofp/libc_nano.a(lib_a-fflush.o)
                0x000000000800d5f0                _fflush_r
 .text.fflush   0x000000000800d670       0x2c /opt/st/stm32cubeide_1.12.0/plugins/com.st.stm32cube.ide.mcu.externaltools.gnu-tools-for-stm32.10.3-2021.10.linux64_1.0.200.202301161003/tools/bin/../lib/gcc/arm-none-eabi/10.3.1/../../../../arm-none-eabi/lib/thumb/v6-m/nofp/libc_nano.a(lib_a-fflush.o)
                0x000000000800d670                fflush
 .text.std      0x000000000800d69c       0x48 /opt/st/stm32cubeide_1.12.0/plugins/com.st.stm32cube.ide.mcu.externaltools.gnu-tools-for-stm32.10.3-2021.10.linux64_1.0.200.202301161003/tools/bin/../lib/gcc/arm-none-eabi/10.3.1/../../../../arm-none-eabi/lib/thumb/v6-m/nofp/libc_nano.a(lib_a-findfp.o)
 .text._cleanup_r
                0x000000000800d6e4       0x10 /opt/st/stm32cubeide_1.12.0/plugins/com.st.stm32cube.ide.mcu.externaltools.gnu-tools-for-stm32.10.3-2021.10.linux64_1.0.200.202301161003/tools/bin/../lib/gcc/arm-none-eabi/10.3.1/../../../../arm-none-eabi/lib/thumb/v6-m/nofp/libc_nano.a(lib_a-findfp.o)
                0x000000000800d6e4                _cleanup_r
 .text.__sfmoreglue
                0x000000000800d6f4       0x2c /opt/st/stm32cubeide_1.12.0/plugins/com.st.stm32cube.ide.mcu.externaltools.gnu-tools-for-stm32.10.3-2021.10.linux64_1.0.200.202301161003/tools/bin/../lib/gcc/arm-none-eabi/10.3.1/../../../../arm-none-eabi/lib/thumb/v6-m/nofp/libc_nano.a(lib_a-findfp.o)
                0x000000000800d6f4                __sfmoreglue
 .text.__sfp_lock_acquire
                0x000000000800d720       0x10 /opt/st/stm32cubeide_1.12.0/plugins/com.st.stm32cube.ide.mcu.externaltools.gnu-tools-for-stm32.10.3-2021.10.linux64_1.0.200.202301161003/tools/bin/../lib/gcc/arm-none-eabi/10.3.1/../../../../arm-none-eabi/lib/thumb/v6-m/nofp/libc_nano.a(lib_a-findfp.o)
                0x000000000800d720                __sfp_lock_acquire
 .text.__sfp_lock_release
                0x000000000800d730       0x10 /opt/st/stm32cubeide_1.12.0/plugins/com.st.stm32cube.ide.mcu.externaltools.gnu-tools-for-stm32.10.3-2021.10.linux64_1.0.200.202301161003/tools/bin/../lib/gcc/arm-none-eabi/10.3.1/../../../../arm-none-eabi/lib/thumb/v6-m/nofp/libc_nano.a(lib_a-findfp.o)
                0x000000000800d730                __sfp_lock_release
 .text.__sinit_lock_acquire
                0x000000000800d740       0x10 /opt/st/stm32cubeide_1.12.0/plugins/com.st.stm32cube.ide.mcu.externaltools.gnu-tools-for-stm32.10.3-2021.10.linux64_1.0.200.202301161003/tools/bin/../lib/gcc/arm-none-eabi/10.3.1/../../../../arm-none-eabi/lib/thumb/v6-m/nofp/libc_nano.a(lib_a-findfp.o)
                0x000000000800d740                __sinit_lock_acquire
 .text.__sinit_lock_release
                0x000000000800d750       0x10 /opt/st/stm32cubeide_1.12.0/plugins/com.st.stm32cube.ide.mcu.externaltools.gnu-tools-for-stm32.10.3-2021.10.linux64_1.0.200.202301161003/tools/bin/../lib/gcc/arm-none-eabi/10.3.1/../../../../arm-none-eabi/lib/thumb/v6-m/nofp/libc_nano.a(lib_a-findfp.o)
                0x000000000800d750                __sinit_lock_release
 .text.__sinit  0x000000000800d760       0x70 /opt/st/stm32cubeide_1.12.0/plugins/com.st.stm32cube.ide.mcu.externaltools.gnu-tools-for-stm32.10.3-2021.10.linux64_1.0.200.202301161003/tools/bin/../lib/gcc/arm-none-eabi/10.3.1/../../../../arm-none-eabi/lib/thumb/v6-m/nofp/libc_nano.a(lib_a-findfp.o)
                0x000000000800d760                __sinit
 .text.__sfp    0x000000000800d7d0       0x90 /opt/st/stm32cubeide_1.12.0/plugins/com.st.stm32cube.ide.mcu.externaltools.gnu-tools-for-stm32.10.3-2021.10.linux64_1.0.200.202301161003/tools/bin/../lib/gcc/arm-none-eabi/10.3.1/../../../../arm-none-eabi/lib/thumb/v6-m/nofp/libc_nano.a(lib_a-findfp.o)
                0x000000000800d7d0                __sfp
 .text._fwalk   0x000000000800d860       0x36 /opt/st/stm32cubeide_1.12.0/plugins/com.st.stm32cube.ide.mcu.externaltools.gnu-tools-for-stm32.10.3-2021.10.linux64_1.0.200.202301161003/tools/bin/../lib/gcc/arm-none-eabi/10.3.1/../../../../arm-none-eabi/lib/thumb/v6-m/nofp/libc_nano.a(lib_a-fwalk.o)
                0x000000000800d860                _fwalk
 .text._fwalk_reent
                0x000000000800d896       0x40 /opt/st/stm32cubeide_1.12.0/plugins/com.st.stm32cube.ide.mcu.externaltools.gnu-tools-for-stm32.10.3-2021.10.linux64_1.0.200.202301161003/tools/bin/../lib/gcc/arm-none-eabi/10.3.1/../../../../arm-none-eabi/lib/thumb/v6-m/nofp/libc_nano.a(lib_a-fwalk.o)
                0x000000000800d896                _fwalk_reent
 *fill*         0x000000000800d8d6        0x2 
 .text._getc_r  0x000000000800d8d8       0x84 /opt/st/stm32cubeide_1.12.0/plugins/com.st.stm32cube.ide.mcu.externaltools.gnu-tools-for-stm32.10.3-2021.10.linux64_1.0.200.202301161003/tools/bin/../lib/gcc/arm-none-eabi/10.3.1/../../../../arm-none-eabi/lib/thumb/v6-m/nofp/libc_nano.a(lib_a-getc.o)
                0x000000000800d8d8                _getc_r
 .text.__retarget_lock_init_recursive
                0x000000000800d95c        0x2 /opt/st/stm32cubeide_1.12.0/plugins/com.st.stm32cube.ide.mcu.externaltools.gnu-tools-for-stm32.10.3-2021.10.linux64_1.0.200.202301161003/tools/bin/../lib/gcc/arm-none-eabi/10.3.1/../../../../arm-none-eabi/lib/thumb/v6-m/nofp/libc_nano.a(lib_a-lock.o)
                0x000000000800d95c                __retarget_lock_init_recursive
 .text.__retarget_lock_acquire_recursive
                0x000000000800d95e        0x2 /opt/st/stm32cubeide_1.12.0/plugins/com.st.stm32cube.ide.mcu.externaltools.gnu-tools-for-stm32.10.3-2021.10.linux64_1.0.200.202301161003/tools/bin/../lib/gcc/arm-none-eabi/10.3.1/../../../../arm-none-eabi/lib/thumb/v6-m/nofp/libc_nano.a(lib_a-lock.o)
                0x000000000800d95e                __retarget_lock_acquire_recursive
 .text.__retarget_lock_release_recursive
                0x000000000800d960        0x2 /opt/st/stm32cubeide_1.12.0/plugins/com.st.stm32cube.ide.mcu.externaltools.gnu-tools-for-stm32.10.3-2021.10.linux64_1.0.200.202301161003/tools/bin/../lib/gcc/arm-none-eabi/10.3.1/../../../../arm-none-eabi/lib/thumb/v6-m/nofp/libc_nano.a(lib_a-lock.o)
                0x000000000800d960                __retarget_lock_release_recursive
 *fill*         0x000000000800d962        0x2 
 .text._lseek_r
                0x000000000800d964       0x28 /opt/st/stm32cubeide_1.12.0/plugins/com.st.stm32cube.ide.mcu.externaltools.gnu-tools-for-stm32.10.3-2021.10.linux64_1.0.200.202301161003/tools/bin/../lib/gcc/arm-none-eabi/10.3.1/../../../../arm-none-eabi/lib/thumb/v6-m/nofp/libc_nano.a(lib_a-lseekr.o)
                0x000000000800d964                _lseek_r
 .text.__swhatbuf_r
                0x000000000800d98c       0x50 /opt/st/stm32cubeide_1.12.0/plugins/com.st.stm32cube.ide.mcu.externaltools.gnu-tools-for-stm32.10.3-2021.10.linux64_1.0.200.202301161003/tools/bin/../lib/gcc/arm-none-eabi/10.3.1/../../../../arm-none-eabi/lib/thumb/v6-m/nofp/libc_nano.a(lib_a-makebuf.o)
                0x000000000800d98c                __swhatbuf_r
 .text.__smakebuf_r
                0x000000000800d9dc       0x88 /opt/st/stm32cubeide_1.12.0/plugins/com.st.stm32cube.ide.mcu.externaltools.gnu-tools-for-stm32.10.3-2021.10.linux64_1.0.200.202301161003/tools/bin/../lib/gcc/arm-none-eabi/10.3.1/../../../../arm-none-eabi/lib/thumb/v6-m/nofp/libc_nano.a(lib_a-makebuf.o)
                0x000000000800d9dc                __smakebuf_r
 .text.malloc   0x000000000800da64       0x14 /opt/st/stm32cubeide_1.12.0/plugins/com.st.stm32cube.ide.mcu.externaltools.gnu-tools-for-stm32.10.3-2021.10.linux64_1.0.200.202301161003/tools/bin/../lib/gcc/arm-none-eabi/10.3.1/../../../../arm-none-eabi/lib/thumb/v6-m/nofp/libc_nano.a(lib_a-malloc.o)
                0x000000000800da64                malloc
 .text.memchr   0x000000000800da78       0x16 /opt/st/stm32cubeide_1.12.0/plugins/com.st.stm32cube.ide.mcu.externaltools.gnu-tools-for-stm32.10.3-2021.10.linux64_1.0.200.202301161003/tools/bin/../lib/gcc/arm-none-eabi/10.3.1/../../../../arm-none-eabi/lib/thumb/v6-m/nofp/libc_nano.a(lib_a-memchr-stub.o)
                0x000000000800da78                memchr
 .text.memcpy   0x000000000800da8e       0x12 /opt/st/stm32cubeide_1.12.0/plugins/com.st.stm32cube.ide.mcu.externaltools.gnu-tools-for-stm32.10.3-2021.10.linux64_1.0.200.202301161003/tools/bin/../lib/gcc/arm-none-eabi/10.3.1/../../../../arm-none-eabi/lib/thumb/v6-m/nofp/libc_nano.a(lib_a-memcpy-stub.o)
                0x000000000800da8e                memcpy
 .text._free_r  0x000000000800daa0       0x94 /opt/st/stm32cubeide_1.12.0/plugins/com.st.stm32cube.ide.mcu.externaltools.gnu-tools-for-stm32.10.3-2021.10.linux64_1.0.200.202301161003/tools/bin/../lib/gcc/arm-none-eabi/10.3.1/../../../../arm-none-eabi/lib/thumb/v6-m/nofp/libc_nano.a(lib_a-nano-freer.o)
                0x000000000800daa0                _free_r
 .text.sbrk_aligned
                0x000000000800db34       0x44 /opt/st/stm32cubeide_1.12.0/plugins/com.st.stm32cube.ide.mcu.externaltools.gnu-tools-for-stm32.10.3-2021.10.linux64_1.0.200.202301161003/tools/bin/../lib/gcc/arm-none-eabi/10.3.1/../../../../arm-none-eabi/lib/thumb/v6-m/nofp/libc_nano.a(lib_a-nano-mallocr.o)
 .text._malloc_r
                0x000000000800db78       0xec /opt/st/stm32cubeide_1.12.0/plugins/com.st.stm32cube.ide.mcu.externaltools.gnu-tools-for-stm32.10.3-2021.10.linux64_1.0.200.202301161003/tools/bin/../lib/gcc/arm-none-eabi/10.3.1/../../../../arm-none-eabi/lib/thumb/v6-m/nofp/libc_nano.a(lib_a-nano-mallocr.o)
                0x000000000800db78                _malloc_r
 .text._realloc_r
                0x000000000800dc64       0x5e /opt/st/stm32cubeide_1.12.0/plugins/com.st.stm32cube.ide.mcu.externaltools.gnu-tools-for-stm32.10.3-2021.10.linux64_1.0.200.202301161003/tools/bin/../lib/gcc/arm-none-eabi/10.3.1/../../../../arm-none-eabi/lib/thumb/v6-m/nofp/libc_nano.a(lib_a-nano-reallocr.o)
                0x000000000800dc64                _realloc_r
 .text._sungetc_r
                0x000000000800dcc2       0x78 /opt/st/stm32cubeide_1.12.0/plugins/com.st.stm32cube.ide.mcu.externaltools.gnu-tools-for-stm32.10.3-2021.10.linux64_1.0.200.202301161003/tools/bin/../lib/gcc/arm-none-eabi/10.3.1/../../../../arm-none-eabi/lib/thumb/v6-m/nofp/libc_nano.a(lib_a-nano-svfscanf.o)
                0x000000000800dcc2                _sungetc_r
 .text.__ssrefill_r
                0x000000000800dd3a       0x3e /opt/st/stm32cubeide_1.12.0/plugins/com.st.stm32cube.ide.mcu.externaltools.gnu-tools-for-stm32.10.3-2021.10.linux64_1.0.200.202301161003/tools/bin/../lib/gcc/arm-none-eabi/10.3.1/../../../../arm-none-eabi/lib/thumb/v6-m/nofp/libc_nano.a(lib_a-nano-svfscanf.o)
                0x000000000800dd3a                __ssrefill_r
 .text.__ssvfscanf_r
                0x000000000800dd78      0x2fc /opt/st/stm32cubeide_1.12.0/plugins/com.st.stm32cube.ide.mcu.externaltools.gnu-tools-for-stm32.10.3-2021.10.linux64_1.0.200.202301161003/tools/bin/../lib/gcc/arm-none-eabi/10.3.1/../../../../arm-none-eabi/lib/thumb/v6-m/nofp/libc_nano.a(lib_a-nano-svfscanf.o)
                0x000000000800dd78                __ssvfscanf_r
                0x000000000800dd78                __ssvfiscanf_r
 .text._scanf_chars
                0x000000000800e074       0xbc /opt/st/stm32cubeide_1.12.0/plugins/com.st.stm32cube.ide.mcu.externaltools.gnu-tools-for-stm32.10.3-2021.10.linux64_1.0.200.202301161003/tools/bin/../lib/gcc/arm-none-eabi/10.3.1/../../../../arm-none-eabi/lib/thumb/v6-m/nofp/libc_nano.a(lib_a-nano-vfscanf_i.o)
                0x000000000800e074                _scanf_chars
 .text._scanf_i
                0x000000000800e130      0x208 /opt/st/stm32cubeide_1.12.0/plugins/com.st.stm32cube.ide.mcu.externaltools.gnu-tools-for-stm32.10.3-2021.10.linux64_1.0.200.202301161003/tools/bin/../lib/gcc/arm-none-eabi/10.3.1/../../../../arm-none-eabi/lib/thumb/v6-m/nofp/libc_nano.a(lib_a-nano-vfscanf_i.o)
                0x000000000800e130                _scanf_i
 .text._putc_r  0x000000000800e338       0x94 /opt/st/stm32cubeide_1.12.0/plugins/com.st.stm32cube.ide.mcu.externaltools.gnu-tools-for-stm32.10.3-2021.10.linux64_1.0.200.202301161003/tools/bin/../lib/gcc/arm-none-eabi/10.3.1/../../../../arm-none-eabi/lib/thumb/v6-m/nofp/libc_nano.a(lib_a-putc.o)
                0x000000000800e338                _putc_r
 .text._read_r  0x000000000800e3cc       0x28 /opt/st/stm32cubeide_1.12.0/plugins/com.st.stm32cube.ide.mcu.externaltools.gnu-tools-for-stm32.10.3-2021.10.linux64_1.0.200.202301161003/tools/bin/../lib/gcc/arm-none-eabi/10.3.1/../../../../arm-none-eabi/lib/thumb/v6-m/nofp/libc_nano.a(lib_a-readr.o)
                0x000000000800e3cc                _read_r
 .text.__srget_r
                0x000000000800e3f4       0x60 /opt/st/stm32cubeide_1.12.0/plugins/com.st.stm32cube.ide.mcu.externaltools.gnu-tools-for-stm32.10.3-2021.10.linux64_1.0.200.202301161003/tools/bin/../lib/gcc/arm-none-eabi/10.3.1/../../../../arm-none-eabi/lib/thumb/v6-m/nofp/libc_nano.a(lib_a-rget.o)
                0x000000000800e3f4                __srget_r
 .text._sbrk_r  0x000000000800e454       0x24 /opt/st/stm32cubeide_1.12.0/plugins/com.st.stm32cube.ide.mcu.externaltools.gnu-tools-for-stm32.10.3-2021.10.linux64_1.0.200.202301161003/tools/bin/../lib/gcc/arm-none-eabi/10.3.1/../../../../arm-none-eabi/lib/thumb/v6-m/nofp/libc_nano.a(lib_a-sbrkr.o)
                0x000000000800e454                _sbrk_r
 .text.__sccl   0x000000000800e478       0x78 /opt/st/stm32cubeide_1.12.0/plugins/com.st.stm32cube.ide.mcu.externaltools.gnu-tools-for-stm32.10.3-2021.10.linux64_1.0.200.202301161003/tools/bin/../lib/gcc/arm-none-eabi/10.3.1/../../../../arm-none-eabi/lib/thumb/v6-m/nofp/libc_nano.a(lib_a-sccl.o)
                0x000000000800e478                __sccl
 .text._strtol_l.constprop.0
                0x000000000800e4f0      0x11c /opt/st/stm32cubeide_1.12.0/plugins/com.st.stm32cube.ide.mcu.externaltools.gnu-tools-for-stm32.10.3-2021.10.linux64_1.0.200.202301161003/tools/bin/../lib/gcc/arm-none-eabi/10.3.1/../../../../arm-none-eabi/lib/thumb/v6-m/nofp/libc_nano.a(lib_a-strtol.o)
 .text._strtol_r
                0x000000000800e60c        0x8 /opt/st/stm32cubeide_1.12.0/plugins/com.st.stm32cube.ide.mcu.externaltools.gnu-tools-for-stm32.10.3-2021.10.linux64_1.0.200.202301161003/tools/bin/../lib/gcc/arm-none-eabi/10.3.1/../../../../arm-none-eabi/lib/thumb/v6-m/nofp/libc_nano.a(lib_a-strtol.o)
                0x000000000800e60c                _strtol_r
 .text._strtoul_l.constprop.0
                0x000000000800e614      0x114 /opt/st/stm32cubeide_1.12.0/plugins/com.st.stm32cube.ide.mcu.externaltools.gnu-tools-for-stm32.10.3-2021.10.linux64_1.0.200.202301161003/tools/bin/../lib/gcc/arm-none-eabi/10.3.1/../../../../arm-none-eabi/lib/thumb/v6-m/nofp/libc_nano.a(lib_a-strtoul.o)
 .text._strtoul_r
                0x000000000800e728        0x8 /opt/st/stm32cubeide_1.12.0/plugins/com.st.stm32cube.ide.mcu.externaltools.gnu-tools-for-stm32.10.3-2021.10.linux64_1.0.200.202301161003/tools/bin/../lib/gcc/arm-none-eabi/10.3.1/../../../../arm-none-eabi/lib/thumb/v6-m/nofp/libc_nano.a(lib_a-strtoul.o)
                0x000000000800e728                _strtoul_r
 .text.__submore
                0x000000000800e730       0x7c /opt/st/stm32cubeide_1.12.0/plugins/com.st.stm32cube.ide.mcu.externaltools.gnu-tools-for-stm32.10.3-2021.10.linux64_1.0.200.202301161003/tools/bin/../lib/gcc/arm-none-eabi/10.3.1/../../../../arm-none-eabi/lib/thumb/v6-m/nofp/libc_nano.a(lib_a-ungetc.o)
                0x000000000800e730                __submore
 .text._fstat_r
                0x000000000800e7ac       0x24 /opt/st/stm32cubeide_1.12.0/plugins/com.st.stm32cube.ide.mcu.externaltools.gnu-tools-for-stm32.10.3-2021.10.linux64_1.0.200.202301161003/tools/bin/../lib/gcc/arm-none-eabi/10.3.1/../../../../arm-none-eabi/lib/thumb/v6-m/nofp/libc_nano.a(lib_a-fstatr.o)
                0x000000000800e7ac                _fstat_r
 .text._isatty_r
                0x000000000800e7d0       0x24 /opt/st/stm32cubeide_1.12.0/plugins/com.st.stm32cube.ide.mcu.externaltools.gnu-tools-for-stm32.10.3-2021.10.linux64_1.0.200.202301161003/tools/bin/../lib/gcc/arm-none-eabi/10.3.1/../../../../arm-none-eabi/lib/thumb/v6-m/nofp/libc_nano.a(lib_a-isattyr.o)
                0x000000000800e7d0                _isatty_r
 .text.__malloc_lock
                0x000000000800e7f4       0x10 /opt/st/stm32cubeide_1.12.0/plugins/com.st.stm32cube.ide.mcu.externaltools.gnu-tools-for-stm32.10.3-2021.10.linux64_1.0.200.202301161003/tools/bin/../lib/gcc/arm-none-eabi/10.3.1/../../../../arm-none-eabi/lib/thumb/v6-m/nofp/libc_nano.a(lib_a-mlock.o)
                0x000000000800e7f4                __malloc_lock
 .text.__malloc_unlock
                0x000000000800e804       0x10 /opt/st/stm32cubeide_1.12.0/plugins/com.st.stm32cube.ide.mcu.externaltools.gnu-tools-for-stm32.10.3-2021.10.linux64_1.0.200.202301161003/tools/bin/../lib/gcc/arm-none-eabi/10.3.1/../../../../arm-none-eabi/lib/thumb/v6-m/nofp/libc_nano.a(lib_a-mlock.o)
                0x000000000800e804                __malloc_unlock
 .text._malloc_usable_size_r
                0x000000000800e814       0x10 /opt/st/stm32cubeide_1.12.0/plugins/com.st.stm32cube.ide.mcu.externaltools.gnu-tools-for-stm32.10.3-2021.10.linux64_1.0.200.202301161003/tools/bin/../lib/gcc/arm-none-eabi/10.3.1/../../../../arm-none-eabi/lib/thumb/v6-m/nofp/libc_nano.a(lib_a-nano-msizer.o)
                0x000000000800e814                _malloc_usable_size_r
 .text.lflush   0x000000000800e824       0x18 /opt/st/stm32cubeide_1.12.0/plugins/com.st.stm32cube.ide.mcu.externaltools.gnu-tools-for-stm32.10.3-2021.10.linux64_1.0.200.202301161003/tools/bin/../lib/gcc/arm-none-eabi/10.3.1/../../../../arm-none-eabi/lib/thumb/v6-m/nofp/libc_nano.a(lib_a-refill.o)
 .text.__srefill_r
                0x000000000800e83c      0x120 /opt/st/stm32cubeide_1.12.0/plugins/com.st.stm32cube.ide.mcu.externaltools.gnu-tools-for-stm32.10.3-2021.10.linux64_1.0.200.202301161003/tools/bin/../lib/gcc/arm-none-eabi/10.3.1/../../../../arm-none-eabi/lib/thumb/v6-m/nofp/libc_nano.a(lib_a-refill.o)
                0x000000000800e83c                __srefill_r
 *(.glue_7)
 .glue_7        0x000000000800e95c        0x0 linker stubs
 *(.glue_7t)
 .glue_7t       0x000000000800e95c        0x0 linker stubs
 *(.eh_frame)
 .eh_frame      0x000000000800e95c        0x0 /opt/st/stm32cubeide_1.12.0/plugins/com.st.stm32cube.ide.mcu.externaltools.gnu-tools-for-stm32.10.3-2021.10.linux64_1.0.200.202301161003/tools/bin/../lib/gcc/arm-none-eabi/10.3.1/thumb/v6-m/nofp/crtbegin.o
 *(.init)
 .init          0x000000000800e95c        0x4 /opt/st/stm32cubeide_1.12.0/plugins/com.st.stm32cube.ide.mcu.externaltools.gnu-tools-for-stm32.10.3-2021.10.linux64_1.0.200.202301161003/tools/bin/../lib/gcc/arm-none-eabi/10.3.1/thumb/v6-m/nofp/crti.o
                0x000000000800e95c                _init
 .init          0x000000000800e960        0x8 /opt/st/stm32cubeide_1.12.0/plugins/com.st.stm32cube.ide.mcu.externaltools.gnu-tools-for-stm32.10.3-2021.10.linux64_1.0.200.202301161003/tools/bin/../lib/gcc/arm-none-eabi/10.3.1/thumb/v6-m/nofp/crtn.o
 *(.fini)
 .fini          0x000000000800e968        0x4 /opt/st/stm32cubeide_1.12.0/plugins/com.st.stm32cube.ide.mcu.externaltools.gnu-tools-for-stm32.10.3-2021.10.linux64_1.0.200.202301161003/tools/bin/../lib/gcc/arm-none-eabi/10.3.1/thumb/v6-m/nofp/crti.o
                0x000000000800e968                _fini
 .fini          0x000000000800e96c        0x8 /opt/st/stm32cubeide_1.12.0/plugins/com.st.stm32cube.ide.mcu.externaltools.gnu-tools-for-stm32.10.3-2021.10.linux64_1.0.200.202301161003/tools/bin/../lib/gcc/arm-none-eabi/10.3.1/thumb/v6-m/nofp/crtn.o
                0x000000000800e974                . = ALIGN (0x4)
                0x000000000800e974                _etext = .

.vfp11_veneer   0x000000000800e974        0x0
 .vfp11_veneer  0x000000000800e974        0x0 linker stubs

.v4_bx          0x000000000800e974        0x0
 .v4_bx         0x000000000800e974        0x0 linker stubs

.iplt           0x000000000800e974        0x0
 .iplt          0x000000000800e974        0x0 /opt/st/stm32cubeide_1.12.0/plugins/com.st.stm32cube.ide.mcu.externaltools.gnu-tools-for-stm32.10.3-2021.10.linux64_1.0.200.202301161003/tools/bin/../lib/gcc/arm-none-eabi/10.3.1/thumb/v6-m/nofp/crtbegin.o

.rodata         0x000000000800e974      0x7e4
                0x000000000800e974                . = ALIGN (0x4)
 *(.rodata)
 .rodata        0x000000000800e974      0x26e ./Core/Src/console.o
 *fill*         0x000000000800ebe2        0x2 
 .rodata        0x000000000800ebe4       0x3a ./Core/Src/main_task.o
 *fill*         0x000000000800ec1e        0x2 
 .rodata        0x000000000800ec20      0x12a ./Core/Src/switch.o
 *fill*         0x000000000800ed4a        0x2 
 .rodata        0x000000000800ed4c       0x13 ./Core/Src/time.o
 *fill*         0x000000000800ed5f        0x1 
 .rodata        0x000000000800ed60       0x2a ./USB_DEVICE/App/usbd_desc.o
 *fill*         0x000000000800ed8a        0x2 
 .rodata        0x000000000800ed8c        0xc /opt/st/stm32cubeide_1.12.0/plugins/com.st.stm32cube.ide.mcu.externaltools.gnu-tools-for-stm32.10.3-2021.10.linux64_1.0.200.202301161003/tools/bin/../lib/gcc/arm-none-eabi/10.3.1/../../../../arm-none-eabi/lib/thumb/v6-m/nofp/libc_nano.a(lib_a-nano-vfscanf_i.o)
 *(.rodata*)
 .rodata.AHBPrescTable
                0x000000000800ed98       0x10 ./Core/Src/system_stm32f0xx.o
                0x000000000800ed98                AHBPrescTable
 .rodata.APBPrescTable
                0x000000000800eda8        0x8 ./Core/Src/system_stm32f0xx.o
                0x000000000800eda8                APBPrescTable
 .rodata.aPLLMULFactorTable.1
                0x000000000800edb0       0x10 ./Drivers/STM32F0xx_HAL_Driver/Src/stm32f0xx_hal_rcc.o
 .rodata.aPredivFactorTable.0
                0x000000000800edc0       0x10 ./Drivers/STM32F0xx_HAL_Driver/Src/stm32f0xx_hal_rcc.o
 .rodata.HAL_RTC_RegisterCallback
                0x000000000800edd0       0x40 ./Drivers/STM32F0xx_HAL_Driver/Src/stm32f0xx_hal_rtc.o
 .rodata.HAL_TIM_RegisterCallback
                0x000000000800ee10       0xa4 ./Drivers/STM32F0xx_HAL_Driver/Src/stm32f0xx_hal_tim.o
 .rodata.USBD_StdDevReq
                0x000000000800eeb4       0x28 ./Middlewares/ST/STM32_USB_Device_Library/Core/Src/usbd_ctlreq.o
 .rodata.USBD_GetDescriptor
                0x000000000800eedc       0x38 ./Middlewares/ST/STM32_USB_Device_Library/Core/Src/usbd_ctlreq.o
 .rodata.CDC_Control_FS
                0x000000000800ef14       0x90 ./USB_DEVICE/App/usbd_cdc_if.o
 .rodata._global_impure_ptr
                0x000000000800efa4        0x4 /opt/st/stm32cubeide_1.12.0/plugins/com.st.stm32cube.ide.mcu.externaltools.gnu-tools-for-stm32.10.3-2021.10.linux64_1.0.200.202301161003/tools/bin/../lib/gcc/arm-none-eabi/10.3.1/../../../../arm-none-eabi/lib/thumb/v6-m/nofp/libc_nano.a(lib_a-impure.o)
                0x000000000800efa4                _global_impure_ptr
 .rodata._vfprintf_r.str1.1
                0x000000000800efa8       0x11 /opt/st/stm32cubeide_1.12.0/plugins/com.st.stm32cube.ide.mcu.externaltools.gnu-tools-for-stm32.10.3-2021.10.linux64_1.0.200.202301161003/tools/bin/../lib/gcc/arm-none-eabi/10.3.1/../../../../arm-none-eabi/lib/thumb/v6-m/nofp/libc_nano.a(lib_a-nano-vfprintf.o)
 .rodata._printf_i.str1.1
                0x000000000800efb9       0x22 /opt/st/stm32cubeide_1.12.0/plugins/com.st.stm32cube.ide.mcu.externaltools.gnu-tools-for-stm32.10.3-2021.10.linux64_1.0.200.202301161003/tools/bin/../lib/gcc/arm-none-eabi/10.3.1/../../../../arm-none-eabi/lib/thumb/v6-m/nofp/libc_nano.a(lib_a-nano-vfprintf_i.o)
 *fill*         0x000000000800efdb        0x1 
 .rodata.__sf_fake_stderr