../USB_DEVICE/App/usbd_cdc_if.c:135:9:usb_char_waiting	8	static
../USB_DEVICE/App/usbd_cdc_if.c:140:9:usb_read_char	16	static
../USB_DEVICE/App/usbd_cdc_if.c:152:9:usb_is_configured	8	static
../USB_DEVICE/App/usbd_cdc_if.c:157:6:usb_reset_configured	8	static
../USB_DEVICE/App/usbd_cdc_if.c:163:6:usb_write_chars	16	static
../USB_DEVICE/App/usbd_cdc_if.c:186:15:CDC_Init_FS	8	static
../USB_DEVICE/App/usbd_cdc_if.c:200:15:CDC_DeInit_FS	8	static
../USB_DEVICE/App/usbd_cdc_if.c:214:15:CDC_Control_FS	16	static
../USB_DEVICE/App/usbd_cdc_if.c:295:15:CDC_Receive_FS	24	static
../USB_DEVICE/App/usbd_cdc_if.c:325:9:CDC_Transmit_FS	32	static
